Component: ARM Compiler 5.06 update 6 (build 750) Tool: armlink [4d35ed]

==============================================================================

Section Cross References

    system_stm32f1xx.o(i.SystemCoreClockUpdate) refers to system_stm32f1xx.o(.data) for .data
    system_stm32f1xx.o(i.SystemCoreClockUpdate) refers to system_stm32f1xx.o(.constdata) for .constdata
    stm32f1xx_hal_rtc.o(i.HAL_RTC_AlarmIRQHandler) refers to stm32f1xx_hal_rtc.o(i.HAL_RTC_AlarmAEventCallback) for HAL_RTC_AlarmAEventCallback
    stm32f1xx_hal_rtc.o(i.HAL_RTC_DeInit) refers to stm32f1xx_hal_rtc.o(i.RTC_EnterInitMode) for RTC_EnterInitMode
    stm32f1xx_hal_rtc.o(i.HAL_RTC_DeInit) refers to stm32f1xx_hal_rtc.o(i.RTC_ExitInitMode) for RTC_ExitInitMode
    stm32f1xx_hal_rtc.o(i.HAL_RTC_DeInit) refers to stm32f1xx_hal_rtc.o(i.HAL_RTC_WaitForSynchro) for HAL_RTC_WaitForSynchro
    stm32f1xx_hal_rtc.o(i.HAL_RTC_DeInit) refers to stm32f1xx_hal_msp.o(i.HAL_RTC_MspDeInit) for HAL_RTC_MspDeInit
    stm32f1xx_hal_rtc.o(i.HAL_RTC_DeactivateAlarm) refers to stm32f1xx_hal_rtc.o(i.RTC_EnterInitMode) for RTC_EnterInitMode
    stm32f1xx_hal_rtc.o(i.HAL_RTC_DeactivateAlarm) refers to stm32f1xx_hal_rtc.o(i.RTC_ExitInitMode) for RTC_ExitInitMode
    stm32f1xx_hal_rtc.o(i.HAL_RTC_GetAlarm) refers to stm32f1xx_hal_rtc.o(i.RTC_ReadAlarmCounter) for RTC_ReadAlarmCounter
    stm32f1xx_hal_rtc.o(i.HAL_RTC_GetAlarm) refers to stm32f1xx_hal_rtc.o(i.RTC_ByteToBcd2) for RTC_ByteToBcd2
    stm32f1xx_hal_rtc.o(i.HAL_RTC_GetDate) refers to stm32f1xx_hal_rtc.o(i.HAL_RTC_GetTime) for HAL_RTC_GetTime
    stm32f1xx_hal_rtc.o(i.HAL_RTC_GetDate) refers to stm32f1xx_hal_rtc.o(i.RTC_ByteToBcd2) for RTC_ByteToBcd2
    stm32f1xx_hal_rtc.o(i.HAL_RTC_GetTime) refers to stm32f1xx_hal_rtc.o(i.RTC_ReadTimeCounter) for RTC_ReadTimeCounter
    stm32f1xx_hal_rtc.o(i.HAL_RTC_GetTime) refers to stm32f1xx_hal_rtc.o(i.RTC_ReadAlarmCounter) for RTC_ReadAlarmCounter
    stm32f1xx_hal_rtc.o(i.HAL_RTC_GetTime) refers to stm32f1xx_hal_rtc.o(i.RTC_WriteTimeCounter) for RTC_WriteTimeCounter
    stm32f1xx_hal_rtc.o(i.HAL_RTC_GetTime) refers to stm32f1xx_hal_rtc.o(i.RTC_WriteAlarmCounter) for RTC_WriteAlarmCounter
    stm32f1xx_hal_rtc.o(i.HAL_RTC_GetTime) refers to stm32f1xx_hal_rtc.o(i.RTC_DateUpdate) for RTC_DateUpdate
    stm32f1xx_hal_rtc.o(i.HAL_RTC_GetTime) refers to stm32f1xx_hal_rtc.o(i.RTC_ByteToBcd2) for RTC_ByteToBcd2
    stm32f1xx_hal_rtc.o(i.HAL_RTC_Init) refers to stm32f1xx_hal_msp.o(i.HAL_RTC_MspInit) for HAL_RTC_MspInit
    stm32f1xx_hal_rtc.o(i.HAL_RTC_Init) refers to stm32f1xx_hal_rtc.o(i.HAL_RTC_WaitForSynchro) for HAL_RTC_WaitForSynchro
    stm32f1xx_hal_rtc.o(i.HAL_RTC_Init) refers to stm32f1xx_hal_rtc.o(i.RTC_EnterInitMode) for RTC_EnterInitMode
    stm32f1xx_hal_rtc.o(i.HAL_RTC_Init) refers to stm32f1xx_hal_rcc_ex.o(i.HAL_RCCEx_GetPeriphCLKFreq) for HAL_RCCEx_GetPeriphCLKFreq
    stm32f1xx_hal_rtc.o(i.HAL_RTC_Init) refers to stm32f1xx_hal_rtc.o(i.RTC_ExitInitMode) for RTC_ExitInitMode
    stm32f1xx_hal_rtc.o(i.HAL_RTC_PollForAlarmAEvent) refers to stm32f1xx_hal.o(i.HAL_GetTick) for HAL_GetTick
    stm32f1xx_hal_rtc.o(i.HAL_RTC_SetAlarm) refers to stm32f1xx_hal_rtc.o(i.HAL_RTC_GetTime) for HAL_RTC_GetTime
    stm32f1xx_hal_rtc.o(i.HAL_RTC_SetAlarm) refers to stm32f1xx_hal_rtc.o(i.RTC_Bcd2ToByte) for RTC_Bcd2ToByte
    stm32f1xx_hal_rtc.o(i.HAL_RTC_SetAlarm) refers to stm32f1xx_hal_rtc.o(i.RTC_WriteAlarmCounter) for RTC_WriteAlarmCounter
    stm32f1xx_hal_rtc.o(i.HAL_RTC_SetAlarm_IT) refers to stm32f1xx_hal_rtc.o(i.HAL_RTC_GetTime) for HAL_RTC_GetTime
    stm32f1xx_hal_rtc.o(i.HAL_RTC_SetAlarm_IT) refers to stm32f1xx_hal_rtc.o(i.RTC_Bcd2ToByte) for RTC_Bcd2ToByte
    stm32f1xx_hal_rtc.o(i.HAL_RTC_SetAlarm_IT) refers to stm32f1xx_hal_rtc.o(i.RTC_WriteAlarmCounter) for RTC_WriteAlarmCounter
    stm32f1xx_hal_rtc.o(i.HAL_RTC_SetDate) refers to stm32f1xx_hal_rtc.o(i.RTC_Bcd2ToByte) for RTC_Bcd2ToByte
    stm32f1xx_hal_rtc.o(i.HAL_RTC_SetDate) refers to stm32f1xx_hal_rtc.o(i.RTC_WeekDayNum) for RTC_WeekDayNum
    stm32f1xx_hal_rtc.o(i.HAL_RTC_SetDate) refers to stm32f1xx_hal_rtc.o(i.RTC_ReadTimeCounter) for RTC_ReadTimeCounter
    stm32f1xx_hal_rtc.o(i.HAL_RTC_SetDate) refers to stm32f1xx_hal_rtc.o(i.RTC_WriteTimeCounter) for RTC_WriteTimeCounter
    stm32f1xx_hal_rtc.o(i.HAL_RTC_SetDate) refers to stm32f1xx_hal_rtc.o(i.RTC_ReadAlarmCounter) for RTC_ReadAlarmCounter
    stm32f1xx_hal_rtc.o(i.HAL_RTC_SetDate) refers to stm32f1xx_hal_rtc.o(i.RTC_WriteAlarmCounter) for RTC_WriteAlarmCounter
    stm32f1xx_hal_rtc.o(i.HAL_RTC_SetTime) refers to stm32f1xx_hal_rtc.o(i.RTC_Bcd2ToByte) for RTC_Bcd2ToByte
    stm32f1xx_hal_rtc.o(i.HAL_RTC_SetTime) refers to stm32f1xx_hal_rtc.o(i.RTC_WriteTimeCounter) for RTC_WriteTimeCounter
    stm32f1xx_hal_rtc.o(i.HAL_RTC_SetTime) refers to stm32f1xx_hal_rtc.o(i.RTC_ReadAlarmCounter) for RTC_ReadAlarmCounter
    stm32f1xx_hal_rtc.o(i.HAL_RTC_SetTime) refers to stm32f1xx_hal_rtc.o(i.RTC_WriteAlarmCounter) for RTC_WriteAlarmCounter
[...]
    Removing main.o(.rev16_text), (4 bytes).
    Removing main.o(.revsh_text), (4 bytes).
    Removing main.o(.rrx_text), (6 bytes).
    Removing main.o(i._Error_Handler), (2 bytes).
    Removing main.o(i.bcdToDec), (18 bytes).
    Removing main.o(.data), (8 bytes).
    Removing main.o(.data), (9 bytes).
    Removing main.o(.data), (4 bytes).
    Removing stm32f1xx_it.o(.rev16_text), (4 bytes).
    Removing stm32f1xx_it.o(.revsh_text), (4 bytes).
    Removing stm32f1xx_it.o(.rrx_text), (6 bytes).
    Removing stm32f1xx_hal_msp.o(.rev16_text), (4 bytes).
    Removing stm32f1xx_hal_msp.o(.revsh_text), (4 bytes).
    Removing stm32f1xx_hal_msp.o(.rrx_text), (6 bytes).
    Removing stm32f1xx_hal_msp.o(i.HAL_I2C_MspDeInit), (60 bytes).
    Removing stm32f1xx_hal_msp.o(i.HAL_RTC_MspDeInit), (44 bytes).
    Removing stm32f1xx_hal_msp.o(i.HAL_TIM_Base_MspDeInit), (48 bytes).
    Removing stm32f1xx_hal_msp.o(i.HAL_UART_MspDeInit), (56 bytes).
    Removing at24xx.o(.rev16_text), (4 bytes).
    Removing at24xx.o(.revsh_text), (4 bytes).
    Removing at24xx.o(.rrx_text), (6 bytes).
    Removing hd44780.o(.rev16_text), (4 bytes).
    Removing hd44780.o(.revsh_text), (4 bytes).
    Removing hd44780.o(.rrx_text), (6 bytes).
    Removing hd44780.o(i.HD44780_PutCustom), (18 bytes).
    Removing dadd.o(.text), (334 bytes).
    Removing dmul.o(.text), (228 bytes).
    Removing ddiv.o(.text), (222 bytes).
    Removing dfixul.o(.text), (48 bytes).
    Removing cdrcmple.o(.text), (48 bytes).
    Removing depilogue.o(.text), (186 bytes).

395 unused section(s) (total 26497 bytes) removed from the image.

==============================================================================

Image Symbol Table

    Local Symbols

    Symbol Name                              Value     Ov Type        Size  Object(Section)

    ../Drivers/STM32F1xx_HAL_Driver/Src/stm32f1xx_hal.c 0x00000000   Number         0  stm32f1xx_hal.o ABSOLUTE
    ../Drivers/STM32F1xx_HAL_Driver/Src/stm32f1xx_hal_cortex.c 0x00000000   Number         0  stm32f1xx_hal_cortex.o ABSOLUTE
    ../Drivers/STM32F1xx_HAL_Driver/Src/stm32f1xx_hal_dma.c 0x00000000   Number         0  stm32f1xx_hal_dma.o ABSOLUTE
    ../Drivers/STM32F1xx_HAL_Driver/Src/stm32f1xx_hal_flash.c 0x00000000   Number         0  stm32f1xx_hal_flash.o ABSOLUTE
    ../Drivers/STM32F1xx_HAL_Driver/Src/stm32f1xx_hal_flash_ex.c 0x00000000   Number         0  stm32f1xx_hal_flash_ex.o ABSOLUTE
    ../Drivers/STM32F1xx_HAL_Driver/Src/stm32f1xx_hal_gpio.c 0x00000000   Number         0  stm32f1xx_hal_gpio.o ABSOLUTE
    ../Drivers/STM32F1xx_HAL_Driver/Src/stm32f1xx_hal_gpio_ex.c 0x00000000   Number         0  stm32f1xx_hal_gpio_ex.o ABSOLUTE
    ../Drivers/STM32F1xx_HAL_Driver/Src/stm32f1xx_hal_i2c.c 0x00000000   Number         0  stm32f1xx_hal_i2c.o ABSOLUTE
    ../Drivers/STM32F1xx_HAL_Driver/Src/stm32f1xx_hal_pwr.c 0x00000000   Number         0  stm32f1xx_hal_pwr.o ABSOLUTE
    ../Drivers/STM32F1xx_HAL_Driver/Src/stm32f1xx_hal_rcc.c 0x00000000   Number         0  stm32f1xx_hal_rcc.o ABSOLUTE
    ../Drivers/STM32F1xx_HAL_Driver/Src/stm32f1xx_hal_rcc_ex.c 0x00000000   Number         0  stm32f1xx_hal_rcc_ex.o ABSOLUTE
    ../Drivers/STM32F1xx_HAL_Driver/Src/stm32f1xx_hal_rtc.c 0x00000000   Number         0  stm32f1xx_hal_rtc.o ABSOLUTE
    ../Drivers/STM32F1xx_HAL_Driver/Src/stm32f1xx_hal_rtc_ex.c 0x00000000   Number         0  stm32f1xx_hal_rtc_ex.o ABSOLUTE
    ../Drivers/STM32F1xx_HAL_Driver/Src/stm32f1xx_hal_tim.c 0x00000000   Number         0  stm32f1xx_hal_tim.o ABSOLUTE
    ../Drivers/STM32F1xx_HAL_Driver/Src/stm32f1xx_hal_tim_ex.c 0x00000000   Number         0  stm32f1xx_hal_tim_ex.o ABSOLUTE
    ../Drivers/STM32F1xx_HAL_Driver/Src/stm32f1xx_hal_uart.c 0x00000000   Number         0  stm32f1xx_hal_uart.o ABSOLUTE
    ../Src/main.c                            0x00000000   Number         0  main.o ABSOLUTE
    ../Src/stm32f1xx_hal_msp.c               0x00000000   Number         0  stm32f1xx_hal_msp.o ABSOLUTE
    ../Src/stm32f1xx_it.c                    0x00000000   Number         0  stm32f1xx_it.o ABSOLUTE
    ../Src/system_stm32f1xx.c                0x00000000   Number         0  system_stm32f1xx.o ABSOLUTE
    ../clib/microlib/division.c              0x00000000   Number         0  uidiv.o ABSOLUTE
    ../clib/microlib/division.c              0x00000000   Number         0  uldiv.o ABSOLUTE
    ../clib/microlib/init/entry.s            0x00000000   Number         0  entry7b.o ABSOLUTE
    ../clib/microlib/init/entry.s            0x00000000   Number         0  entry10a.o ABSOLUTE
    ../clib/microlib/init/entry.s            0x00000000   Number         0  entry.o ABSOLUTE
    ../clib/microlib/init/entry.s            0x00000000   Number         0  entry8a.o ABSOLUTE
    ../clib/microlib/init/entry.s            0x00000000   Number         0  entry8b.o ABSOLUTE
    ../clib/microlib/init/entry.s            0x00000000   Number         0  entry5.o ABSOLUTE
    ../clib/microlib/init/entry.s            0x00000000   Number         0  entry7a.o ABSOLUTE
    ../clib/microlib/init/entry.s            0x00000000   Number         0  entry11a.o ABSOLUTE
    ../clib/microlib/init/entry.s            0x00000000   Number         0  entry11b.o ABSOLUTE
    ../clib/microlib/init/entry.s            0x00000000   Number         0  entry2.o ABSOLUTE
    ../clib/microlib/init/entry.s            0x00000000   Number         0  entry10b.o ABSOLUTE
    ../clib/microlib/init/entry.s            0x00000000   Number         0  entry9b.o ABSOLUTE
    ../clib/microlib/init/entry.s            0x00000000   Number         0  entry9a.o ABSOLUTE
    ../clib/microlib/longlong.c              0x00000000   Number         0  llushr.o ABSOLUTE
    ../clib/microlib/longlong.c              0x00000000   Number         0  llshl.o ABSOLUTE
    ../clib/microlib/longlong.c              0x00000000   Number         0  llsshr.o ABSOLUTE
    ../clib/microlib/printf/printf.c         0x00000000   Number         0  printf7.o ABSOLUTE
    ../clib/microlib/printf/printf.c         0x00000000   Number         0  printfa.o ABSOLUTE
    ../clib/microlib/printf/printf.c         0x00000000   Number         0  printf8.o ABSOLUTE
    ../clib/microlib/printf/printf.c         0x00000000   Number         0  printf1.o ABSOLUTE
    ../clib/microlib/printf/printf.c         0x00000000   Number         0  printf2.o ABSOLUTE
    ../clib/microlib/printf/printf.c         0x00000000   Number         0  printf3.o ABSOLUTE
    ../clib/microlib/printf/printf.c         0x00000000   Number         0  printf4.o ABSOLUTE
    ../clib/microlib/printf/printf.c         0x00000000   Number         0  printf5.o ABSOLUTE
    ../clib/microlib/printf/printf.c         0x00000000   Number         0  printf6.o ABSOLUTE
    ../clib/microlib/printf/printf.c         0x00000000   Number         0  printf0.o ABSOLUTE
    ../clib/microlib/printf/printf.c         0x00000000   Number         0  printfb.o ABSOLUTE
    ../clib/microlib/printf/stubs.s          0x00000000   Number         0  stubs.o ABSOLUTE
    ../clib/microlib/stdio/fputc.c           0x00000000   Number         0  fputc.o ABSOLUTE
    ../clib/microlib/stdio/semi.s            0x00000000   Number         0  semi.o ABSOLUTE
    ../clib/microlib/stdio/streams.c         0x00000000   Number         0  stdout.o ABSOLUTE
    ../clib/microlib/string/strcat.c         0x00000000   Number         0  strcat.o ABSOLUTE
    ../clib/microlib/stubs.s                 0x00000000   Number         0  iusefp.o ABSOLUTE
    ../clib/microlib/stubs.s                 0x00000000   Number         0  iusesemip.o ABSOLUTE
    ../fplib/microlib/fpadd.c                0x00000000   Number         0  dadd.o ABSOLUTE
    ../fplib/microlib/fpdiv.c                0x00000000   Number         0  ddiv.o ABSOLUTE
    ../fplib/microlib/fpepilogue.c           0x00000000   Number         0  depilogue.o ABSOLUTE
    ../fplib/microlib/fpfix.c                0x00000000   Number         0  dfixul.o ABSOLUTE
    ../fplib/microlib/fpmul.c                0x00000000   Number         0  dmul.o ABSOLUTE
    ..\Drivers\STM32F1xx_HAL_Driver\Src\stm32f1xx_hal.c 0x00000000   Number         0  stm32f1xx_hal.o ABSOLUTE
    ..\Drivers\STM32F1xx_HAL_Driver\Src\stm32f1xx_hal_cortex.c 0x00000000   Number         0  stm32f1xx_hal_cortex.o ABSOLUTE
    ..\Drivers\STM32F1xx_HAL_Driver\Src\stm32f1xx_hal_dma.c 0x00000000   Number         0  stm32f1xx_hal_dma.o ABSOLUTE
    ..\Drivers\STM32F1xx_HAL_Driver\Src\stm32f1xx_hal_flash.c 0x00000000   Number         0  stm32f1xx_hal_flash.o ABSOLUTE
    ..\Drivers\STM32F1xx_HAL_Driver\Src\stm32f1xx_hal_flash_ex.c 0x00000000   Number         0  stm32f1xx_hal_flash_ex.o ABSOLUTE
    ..\Drivers\STM32F1xx_HAL_Driver\Src\stm32f1xx_hal_gpio.c 0x00000000   Number         0  stm32f1xx_hal_gpio.o ABSOLUTE
    ..\Drivers\STM32F1xx_HAL_Driver\Src\stm32f1xx_hal_gpio_ex.c 0x00000000   Number         0  stm32f1xx_hal_gpio_ex.o ABSOLUTE
    ..\Drivers\STM32F1xx_HAL_Driver\Src\stm32f1xx_hal_i2c.c 0x00000000   Number         0  stm32f1xx_hal_i2c.o ABSOLUTE
    ..\Drivers\STM32F1xx_HAL_Driver\Src\stm32f1xx_hal_pwr.c 0x00000000   Number         0  stm32f1xx_hal_pwr.o ABSOLUTE
    ..\Drivers\STM32F1xx_HAL_Driver\Src\stm32f1xx_hal_rcc.c 0x00000000   Number         0  stm32f1xx_hal_rcc.o ABSOLUTE
    ..\Drivers\STM32F1xx_HAL_Driver\Src\stm32f1xx_hal_rcc_ex.c 0x00000000   Number         0  stm32f1xx_hal_rcc_ex.o ABSOLUTE
    ..\Drivers\STM32F1xx_HAL_Driver\Src\stm32f1xx_hal_rtc.c 0x00000000   Number         0  stm32f1xx_hal_rtc.o ABSOLUTE
    ..\Drivers\STM32F1xx_HAL_Driver\Src\stm32f1xx_hal_rtc_ex.c 0x00000000   Number         0  stm32f1xx_hal_rtc_ex.o ABSOLUTE
    ..\Drivers\STM32F1xx_HAL_Driver\Src\stm32f1xx_hal_tim.c 0x00000000   Number         0  stm32f1xx_hal_tim.o ABSOLUTE
    ..\Drivers\STM32F1xx_HAL_Driver\Src\stm32f1xx_hal_tim_ex.c 0x00000000   Number         0  stm32f1xx_hal_tim_ex.o ABSOLUTE
    ..\Drivers\STM32F1xx_HAL_Driver\Src\stm32f1xx_hal_uart.c 0x00000000   Number         0  stm32f1xx_hal_uart.o ABSOLUTE
    ..\Src\at24xx.c                          0x00000000   Number         0  at24xx.o ABSOLUTE
    ..\Src\hd44780.c                         0x00000000   Number         0  hd44780.o ABSOLUTE
    ..\Src\main.c                            0x00000000   Number         0  main.o ABSOLUTE
    ..\Src\stm32f1xx_hal_msp.c               0x00000000   Number         0  stm32f1xx_hal_msp.o ABSOLUTE
    ..\Src\stm32f1xx_it.c                    0x00000000   Number         0  stm32f1xx_it.o ABSOLUTE
    ..\Src\system_stm32f1xx.c                0x00000000   Number         0  system_stm32f1xx.o ABSOLUTE
    ..\\Src\\at24xx.c                        0x00000000   Number         0  at24xx.o ABSOLUTE
    ..\\Src\\hd44780.c                       0x00000000   Number         0  hd44780.o ABSOLUTE
    cdrcmple.s                               0x00000000   Number         0  cdrcmple.o ABSOLUTE
    dc.s                                     0x00000000   Number         0  dc.o ABSOLUTE
    handlers.s                               0x00000000   Number         0  handlers.o ABSOLUTE
    init.s                                   0x00000000   Number         0  init.o ABSOLUTE
    startup_stm32f103xb.s                    0x00000000   Number         0  startup_stm32f103xb.o ABSOLUTE
    RESET                                    0x08000000   Section      236  startup_stm32f103xb.o(RESET)
    .ARM.Collect$$$$00000000                 0x080000ec   Section        0  entry.o(.ARM.Collect$$$$00000000)
    .ARM.Collect$$$$00000001                 0x080000ec   Section        4  entry2.o(.ARM.Collect$$$$00000001)
    .ARM.Collect$$$$00000004                 0x080000f0   Section        4  entry5.o(.ARM.Collect$$$$00000004)
    .ARM.Collect$$$$00000008                 0x080000f4   Section        0  entry7b.o(.ARM.Collect$$$$00000008)
    .ARM.Collect$$$$0000000A                 0x080000f4   Section        0  entry8b.o(.ARM.Collect$$$$0000000A)
    .ARM.Collect$$$$0000000B                 0x080000f4   Section        8  entry9a.o(.ARM.Collect$$$$0000000B)
    .ARM.Collect$$$$0000000D                 0x080000fc   Section        0  entry10a.o(.ARM.Collect$$$$0000000D)
    .ARM.Collect$$$$0000000F                 0x080000fc   Section        0  entry11a.o(.ARM.Collect$$$$0000000F)
    .ARM.Collect$$$$00002712                 0x080000fc   Section        4  entry2.o(.ARM.Collect$$$$00002712)
    __lit__00000000                          0x080000fc   Data           4  entry2.o(.ARM.Collect$$$$00002712)
    .text                                    0x08000100   Section       36  startup_stm32f103xb.o(.text)
    .text                                    0x08000124   Section        0  llushr.o(.text)
    .text                                    0x08000144   Section        0  strcat.o(.text)
    .text                                    0x0800015c   Section        0  uldiv.o(.text)
    .text                                    0x080001c0   Section       36  init.o(.text)
    .text                                    0x080001e4   Section        0  llshl.o(.text)
    i.AT24XX_IsConnected                     0x08000204   Section        0  at24xx.o(i.AT24XX_IsConnected)
    i.AT24XX_Load                            0x08000220   Section        0  at24xx.o(i.AT24XX_Load)
    i.AT24XX_Read                            0x08000244   Section        0  at24xx.o(i.AT24XX_Read)
    i.AT24XX_Save                            0x08000258   Section        0  at24xx.o(i.AT24XX_Save)
    i.AT24XX_Write                           0x08000288   Section        0  at24xx.o(i.AT24XX_Write)
    i.BusFault_Handler                       0x08000298   Section        0  stm32f1xx_it.o(i.BusFault_Handler)
    i.DebugMon_Handler                       0x0800029a   Section        0  stm32f1xx_it.o(i.DebugMon_Handler)
    i.HAL_DMA_Abort_IT                       0x0800029c   Section        0  stm32f1xx_hal_dma.o(i.HAL_DMA_Abort_IT)
    i.HAL_Delay                              0x08000334   Section        0  stm32f1xx_hal.o(i.HAL_Delay)
    i.HAL_GPIO_Init                          0x08000350   Section        0  stm32f1xx_hal_gpio.o(i.HAL_GPIO_Init)
    i.HAL_GPIO_ReadPin                       0x0800050c   Section        0  stm32f1xx_hal_gpio.o(i.HAL_GPIO_ReadPin)
    i.HAL_GPIO_TogglePin                     0x08000516   Section        0  stm32f1xx_hal_gpio.o(i.HAL_GPIO_TogglePin)
    i.HAL_GPIO_WritePin                      0x0800051e   Section        0  stm32f1xx_hal_gpio.o(i.HAL_GPIO_WritePin)
    i.HAL_GetTick                            0x08000528   Section        0  stm32f1xx_hal.o(i.HAL_GetTick)
    i.HAL_I2C_AbortCpltCallback              0x08000534   Section        0  stm32f1xx_hal_i2c.o(i.HAL_I2C_AbortCpltCallback)
    i.HAL_I2C_AddrCallback                   0x08000536   Section        0  stm32f1xx_hal_i2c.o(i.HAL_I2C_AddrCallback)
    i.HAL_I2C_ER_IRQHandler                  0x08000538   Section        0  stm32f1xx_hal_i2c.o(i.HAL_I2C_ER_IRQHandler)
    i.HAL_I2C_EV_IRQHandler                  0x08000608   Section        0  stm32f1xx_hal_i2c.o(i.HAL_I2C_EV_IRQHandler)
    i.HAL_I2C_ErrorCallback                  0x080007f8   Section        0  stm32f1xx_hal_i2c.o(i.HAL_I2C_ErrorCallback)
    i.HAL_I2C_Init                           0x080007fc   Section        0  stm32f1xx_hal_i2c.o(i.HAL_I2C_Init)
    i.HAL_I2C_IsDeviceReady                  0x08000904   Section        0  stm32f1xx_hal_i2c.o(i.HAL_I2C_IsDeviceReady)
    i.HAL_I2C_ListenCpltCallback             0x08000a64   Section        0  stm32f1xx_hal_i2c.o(i.HAL_I2C_ListenCpltCallback)
    i.HAL_I2C_MasterRxCpltCallback           0x08000a66   Section        0  stm32f1xx_hal_i2c.o(i.HAL_I2C_MasterRxCpltCallback)
    i.HAL_I2C_MasterTxCpltCallback           0x08000a68   Section        0  stm32f1xx_hal_i2c.o(i.HAL_I2C_MasterTxCpltCallback)
    i.HAL_I2C_MemRxCpltCallback              0x08000a6a   Section        0  stm32f1xx_hal_i2c.o(i.HAL_I2C_MemRxCpltCallback)
    i.HAL_I2C_MemTxCpltCallback              0x08000a6c   Section        0  stm32f1xx_hal_i2c.o(i.HAL_I2C_MemTxCpltCallback)
    i.HAL_I2C_Mem_Read                       0x08000a70   Section        0  stm32f1xx_hal_i2c.o(i.HAL_I2C_Mem_Read)
    i.HAL_I2C_Mem_Write                      0x08000c90   Section        0  stm32f1xx_hal_i2c.o(i.HAL_I2C_Mem_Write)
    i.HAL_I2C_MspInit                        0x08000dcc   Section        0  stm32f1xx_hal_msp.o(i.HAL_I2C_MspInit)
    i.HAL_I2C_SlaveRxCpltCallback            0x08000e30   Section        0  stm32f1xx_hal_i2c.o(i.HAL_I2C_SlaveRxCpltCallback)
    i.HAL_I2C_SlaveTxCpltCallback            0x08000e32   Section        0  stm32f1xx_hal_i2c.o(i.HAL_I2C_SlaveTxCpltCallback)
    i.HAL_IncTick                            0x08000e34   Section        0  stm32f1xx_hal.o(i.HAL_IncTick)
    i.HAL_Init                               0x08000e44   Section        0  stm32f1xx_hal.o(i.HAL_Init)
    i.HAL_InitTick                           0x08000e68   Section        0  stm32f1xx_hal.o(i.HAL_InitTick)
    i.HAL_MspInit                            0x08000e90   Section        0  stm32f1xx_hal_msp.o(i.HAL_MspInit)
    i.HAL_NVIC_EnableIRQ                     0x08000f14   Section        0  stm32f1xx_hal_cortex.o(i.HAL_NVIC_EnableIRQ)
    i.HAL_NVIC_SetPriority                   0x08000f2c   Section        0  stm32f1xx_hal_cortex.o(i.HAL_NVIC_SetPriority)
    i.HAL_NVIC_SetPriorityGrouping           0x08000f6c   Section        0  stm32f1xx_hal_cortex.o(i.HAL_NVIC_SetPriorityGrouping)
    i.HAL_PWR_EnableBkUpAccess               0x08000f90   Section        0  stm32f1xx_hal_pwr.o(i.HAL_PWR_EnableBkUpAccess)
    i.HAL_RCCEx_GetPeriphCLKFreq             0x08000f9c   Section        0  stm32f1xx_hal_rcc_ex.o(i.HAL_RCCEx_GetPeriphCLKFreq)
    i.HAL_RCCEx_PeriphCLKConfig              0x08001064   Section        0  stm32f1xx_hal_rcc_ex.o(i.HAL_RCCEx_PeriphCLKConfig)
    i.HAL_RCC_ClockConfig                    0x08001150   Section        0  stm32f1xx_hal_rcc.o(i.HAL_RCC_ClockConfig)
    i.HAL_RCC_GetHCLKFreq                    0x080012a4   Section        0  stm32f1xx_hal_rcc.o(i.HAL_RCC_GetHCLKFreq)
    i.HAL_RCC_GetPCLK1Freq                   0x080012b0   Section        0  stm32f1xx_hal_rcc.o(i.HAL_RCC_GetPCLK1Freq)
    i.HAL_RCC_GetPCLK2Freq                   0x080012d0   Section        0  stm32f1xx_hal_rcc.o(i.HAL_RCC_GetPCLK2Freq)
    i.HAL_RCC_GetSysClockFreq                0x080012f0   Section        0  stm32f1xx_hal_rcc.o(i.HAL_RCC_GetSysClockFreq)
    i.HAL_RCC_OscConfig                      0x0800135c   Section        0  stm32f1xx_hal_rcc.o(i.HAL_RCC_OscConfig)
    i.HAL_RTCEx_BKUPRead                     0x08001660   Section        0  stm32f1xx_hal_rtc_ex.o(i.HAL_RTCEx_BKUPRead)
    i.HAL_RTCEx_BKUPWrite                    0x08001670   Section        0  stm32f1xx_hal_rtc_ex.o(i.HAL_RTCEx_BKUPWrite)
    i.HAL_RTCEx_RTCEventCallback             0x08001680   Section        0  stm32f1xx_hal_rtc_ex.o(i.HAL_RTCEx_RTCEventCallback)
    i.HAL_RTCEx_RTCEventErrorCallback        0x08001682   Section        0  stm32f1xx_hal_rtc_ex.o(i.HAL_RTCEx_RTCEventErrorCallback)
    i.HAL_RTCEx_RTCIRQHandler                0x08001684   Section        0  stm32f1xx_hal_rtc_ex.o(i.HAL_RTCEx_RTCIRQHandler)
    i.HAL_RTCEx_SetSecond_IT                 0x080016c0   Section        0  stm32f1xx_hal_rtc_ex.o(i.HAL_RTCEx_SetSecond_IT)
    i.HAL_RTC_AlarmAEventCallback            0x080016ec   Section        0  stm32f1xx_hal_rtc.o(i.HAL_RTC_AlarmAEventCallback)
    i.HAL_RTC_AlarmIRQHandler                0x080016f0   Section        0  stm32f1xx_hal_rtc.o(i.HAL_RTC_AlarmIRQHandler)
    i.HAL_RTC_GetTime                        0x08001724   Section        0  stm32f1xx_hal_rtc.o(i.HAL_RTC_GetTime)
    i.HAL_RTC_Init                           0x080017fc   Section        0  stm32f1xx_hal_rtc.o(i.HAL_RTC_Init)
    i.HAL_RTC_MspInit                        0x0800189c   Section        0  stm32f1xx_hal_msp.o(i.HAL_RTC_MspInit)
    i.HAL_RTC_SetDate                        0x080018f4   Section        0  stm32f1xx_hal_rtc.o(i.HAL_RTC_SetDate)
    i.HAL_RTC_SetTime                        0x080019b8   Section        0  stm32f1xx_hal_rtc.o(i.HAL_RTC_SetTime)
    i.HAL_RTC_WaitForSynchro                 0x08001a64   Section        0  stm32f1xx_hal_rtc.o(i.HAL_RTC_WaitForSynchro)
    i.HAL_SYSTICK_CLKSourceConfig            0x08001a9e   Section        0  stm32f1xx_hal_cortex.o(i.HAL_SYSTICK_CLKSourceConfig)
    i.HAL_SYSTICK_Callback                   0x08001ab6   Section        0  stm32f1xx_hal_cortex.o(i.HAL_SYSTICK_Callback)
    i.HAL_SYSTICK_Config                     0x08001ab8   Section        0  stm32f1xx_hal_cortex.o(i.HAL_SYSTICK_Config)
    i.HAL_SYSTICK_IRQHandler                 0x08001ae0   Section        0  stm32f1xx_hal_cortex.o(i.HAL_SYSTICK_IRQHandler)
    i.HAL_TIMEx_BreakCallback                0x08001ae8   Section        0  stm32f1xx_hal_tim_ex.o(i.HAL_TIMEx_BreakCallback)
    i.HAL_TIMEx_CommutationCallback          0x08001aea   Section        0  stm32f1xx_hal_tim_ex.o(i.HAL_TIMEx_CommutationCallback)
    i.HAL_TIMEx_MasterConfigSynchronization  0x08001aec   Section        0  stm32f1xx_hal_tim_ex.o(i.HAL_TIMEx_MasterConfigSynchronization)
    i.HAL_TIM_Base_Init                      0x08001b3c   Section        0  stm32f1xx_hal_tim.o(i.HAL_TIM_Base_Init)
    i.HAL_TIM_Base_MspInit                   0x08001b74   Section        0  stm32f1xx_hal_msp.o(i.HAL_TIM_Base_MspInit)
    i.HAL_TIM_Base_Start_IT                  0x08001bc0   Section        0  stm32f1xx_hal_tim.o(i.HAL_TIM_Base_Start_IT)
    i.HAL_TIM_ConfigClockSource              0x08001bd8   Section        0  stm32f1xx_hal_tim.o(i.HAL_TIM_ConfigClockSource)
    i.HAL_TIM_IC_CaptureCallback             0x08001cca   Section        0  stm32f1xx_hal_tim.o(i.HAL_TIM_IC_CaptureCallback)
    i.HAL_TIM_IRQHandler                     0x08001ccc   Section        0  stm32f1xx_hal_tim.o(i.HAL_TIM_IRQHandler)
    i.HAL_TIM_OC_DelayElapsedCallback        0x08001e32   Section        0  stm32f1xx_hal_tim.o(i.HAL_TIM_OC_DelayElapsedCallback)
    i.HAL_TIM_PWM_PulseFinishedCallback      0x08001e34   Section        0  stm32f1xx_hal_tim.o(i.HAL_TIM_PWM_PulseFinishedCallback)
    i.HAL_TIM_PeriodElapsedCallback          0x08001e36   Section        0  stm32f1xx_hal_tim.o(i.HAL_TIM_PeriodElapsedCallback)
    i.HAL_TIM_TriggerCallback                0x08001e38   Section        0  stm32f1xx_hal_tim.o(i.HAL_TIM_TriggerCallback)
    i.HAL_UART_ErrorCallback                 0x08001e3a   Section        0  stm32f1xx_hal_uart.o(i.HAL_UART_ErrorCallback)
    i.HAL_UART_IRQHandler                    0x08001e3c   Section        0  stm32f1xx_hal_uart.o(i.HAL_UART_IRQHandler)
    i.HAL_UART_Init                          0x08001f4c   Section        0  stm32f1xx_hal_uart.o(i.HAL_UART_Init)
    i.HAL_UART_MspInit                       0x08001fb0   Section        0  stm32f1xx_hal_msp.o(i.HAL_UART_MspInit)
    i.HAL_UART_Receive_IT                    0x08002018   Section        0  stm32f1xx_hal_uart.o(i.HAL_UART_Receive_IT)
    i.HAL_UART_RxCpltCallback                0x0800206c   Section        0  main.o(i.HAL_UART_RxCpltCallback)
    i.HAL_UART_Transmit                      0x080020b4   Section        0  stm32f1xx_hal_uart.o(i.HAL_UART_Transmit)
    i.HAL_UART_TxCpltCallback                0x0800216e   Section        0  stm32f1xx_hal_uart.o(i.HAL_UART_TxCpltCallback)
    i.HD44780_Clear                          0x08002170   Section        0  hd44780.o(i.HD44780_Clear)
    i.HD44780_Command                        0x08002184   Section        0  hd44780.o(i.HD44780_Command)
    i.HD44780_CreateChar                     0x080021e0   Section        0  hd44780.o(i.HD44780_CreateChar)
    i.HD44780_Data                           0x08002204   Section        0  hd44780.o(i.HD44780_Data)
    i.HD44780_Init                           0x08002260   Section        0  hd44780.o(i.HD44780_Init)
    i.HD44780_ResetPins                      0x080023cc   Section        0  hd44780.o(i.HD44780_ResetPins)
    i.HD44780_SendChar                       0x08002408   Section        0  hd44780.o(i.HD44780_SendChar)
    i.HD44780_SetPos                         0x08002418   Section        0  hd44780.o(i.HD44780_SetPos)
    i.HD44780_String                         0x0800244e   Section        0  hd44780.o(i.HD44780_String)
    i.HD44780_WriteData                      0x08002498   Section        0  hd44780.o(i.HD44780_WriteData)
    i.HardFault_Handler                      0x080024f8   Section        0  stm32f1xx_it.o(i.HardFault_Handler)
    i.I2C1_ER_IRQHandler                     0x080024fc   Section        0  stm32f1xx_it.o(i.I2C1_ER_IRQHandler)
    i.I2C1_EV_IRQHandler                     0x08002508   Section        0  stm32f1xx_it.o(i.I2C1_EV_IRQHandler)
    i.I2C_DMAAbort                           0x08002514   Section        0  stm32f1xx_hal_i2c.o(i.I2C_DMAAbort)
    I2C_DMAAbort                             0x08002515   Thumb Code    78  stm32f1xx_hal_i2c.o(i.I2C_DMAAbort)
    i.I2C_ITError                            0x08002564   Section        0  stm32f1xx_hal_i2c.o(i.I2C_ITError)
    I2C_ITError                              0x08002565   Thumb Code   284  stm32f1xx_hal_i2c.o(i.I2C_ITError)
    i.I2C_IsAcknowledgeFailed                0x08002688   Section        0  stm32f1xx_hal_i2c.o(i.I2C_IsAcknowledgeFailed)
    I2C_IsAcknowledgeFailed                  0x08002689   Thumb Code    40  stm32f1xx_hal_i2c.o(i.I2C_IsAcknowledgeFailed)
    i.I2C_MasterReceive_BTF                  0x080026b0   Section        0  stm32f1xx_hal_i2c.o(i.I2C_MasterReceive_BTF)
    I2C_MasterReceive_BTF                    0x080026b1   Thumb Code   194  stm32f1xx_hal_i2c.o(i.I2C_MasterReceive_BTF)
    i.I2C_MasterReceive_RXNE                 0x08002778   Section        0  stm32f1xx_hal_i2c.o(i.I2C_MasterReceive_RXNE)
    I2C_MasterReceive_RXNE                   0x08002779   Thumb Code   174  stm32f1xx_hal_i2c.o(i.I2C_MasterReceive_RXNE)
    i.I2C_MasterTransmit_BTF                 0x08002826   Section        0  stm32f1xx_hal_i2c.o(i.I2C_MasterTransmit_BTF)
    I2C_MasterTransmit_BTF                   0x08002827   Thumb Code   128  stm32f1xx_hal_i2c.o(i.I2C_MasterTransmit_BTF)
    i.I2C_MasterTransmit_TXE                 0x080028a8   Section        0  stm32f1xx_hal_i2c.o(i.I2C_MasterTransmit_TXE)
    I2C_MasterTransmit_TXE                   0x080028a9   Thumb Code   264  stm32f1xx_hal_i2c.o(i.I2C_MasterTransmit_TXE)
    i.I2C_Master_ADDR                        0x080029b0   Section        0  stm32f1xx_hal_i2c.o(i.I2C_Master_ADDR)
    I2C_Master_ADDR                          0x080029b1   Thumb Code   282  stm32f1xx_hal_i2c.o(i.I2C_Master_ADDR)
    i.I2C_Master_SB                          0x08002aca   Section        0  stm32f1xx_hal_i2c.o(i.I2C_Master_SB)
    I2C_Master_SB                            0x08002acb   Thumb Code    90  stm32f1xx_hal_i2c.o(i.I2C_Master_SB)
    i.I2C_RequestMemoryRead                  0x08002b24   Section        0  stm32f1xx_hal_i2c.o(i.I2C_RequestMemoryRead)
    I2C_RequestMemoryRead                    0x08002b25   Thumb Code   240  stm32f1xx_hal_i2c.o(i.I2C_RequestMemoryRead)
    i.I2C_RequestMemoryWrite                 0x08002c14   Section        0  stm32f1xx_hal_i2c.o(i.I2C_RequestMemoryWrite)
    I2C_RequestMemoryWrite                   0x08002c15   Thumb Code   156  stm32f1xx_hal_i2c.o(i.I2C_RequestMemoryWrite)
    i.I2C_Slave_AF                           0x08002cb4   Section        0  stm32f1xx_hal_i2c.o(i.I2C_Slave_AF)
    I2C_Slave_AF                             0x08002cb5   Thumb Code   128  stm32f1xx_hal_i2c.o(i.I2C_Slave_AF)
    i.I2C_Slave_STOPF                        0x08002d38   Section        0  stm32f1xx_hal_i2c.o(i.I2C_Slave_STOPF)
    I2C_Slave_STOPF                          0x08002d39   Thumb Code   214  stm32f1xx_hal_i2c.o(i.I2C_Slave_STOPF)
    i.I2C_WaitOnBTFFlagUntilTimeout          0x08002e14   Section        0  stm32f1xx_hal_i2c.o(i.I2C_WaitOnBTFFlagUntilTimeout)
    I2C_WaitOnBTFFlagUntilTimeout            0x08002e15   Thumb Code    78  stm32f1xx_hal_i2c.o(i.I2C_WaitOnBTFFlagUntilTimeout)
    i.I2C_WaitOnFlagUntilTimeout             0x08002e62   Section        0  stm32f1xx_hal_i2c.o(i.I2C_WaitOnFlagUntilTimeout)
    I2C_WaitOnFlagUntilTimeout               0x08002e63   Thumb Code    96  stm32f1xx_hal_i2c.o(i.I2C_WaitOnFlagUntilTimeout)
    i.I2C_WaitOnMasterAddressFlagUntilTimeout 0x08002ec4   Section        0  stm32f1xx_hal_i2c.o(i.I2C_WaitOnMasterAddressFlagUntilTimeout)
    I2C_WaitOnMasterAddressFlagUntilTimeout  0x08002ec5   Thumb Code   136  stm32f1xx_hal_i2c.o(i.I2C_WaitOnMasterAddressFlagUntilTimeout)
    i.I2C_WaitOnRXNEFlagUntilTimeout         0x08002f4c   Section        0  stm32f1xx_hal_i2c.o(i.I2C_WaitOnRXNEFlagUntilTimeout)
    I2C_WaitOnRXNEFlagUntilTimeout           0x08002f4d   Thumb Code    98  stm32f1xx_hal_i2c.o(i.I2C_WaitOnRXNEFlagUntilTimeout)
    i.I2C_WaitOnTXEFlagUntilTimeout          0x08002fae   Section        0  stm32f1xx_hal_i2c.o(i.I2C_WaitOnTXEFlagUntilTimeout)
    I2C_WaitOnTXEFlagUntilTimeout            0x08002faf   Thumb Code    78  stm32f1xx_hal_i2c.o(i.I2C_WaitOnTXEFlagUntilTimeout)
    i.MX_GPIO_Init                           0x08002ffc   Section        0  main.o(i.MX_GPIO_Init)
    MX_GPIO_Init                             0x08002ffd   Thumb Code   208  main.o(i.MX_GPIO_Init)
    i.MX_I2C1_Init                           0x080030dc   Section        0  main.o(i.MX_I2C1_Init)
    MX_I2C1_Init                             0x080030dd   Thumb Code    44  main.o(i.MX_I2C1_Init)
    i.MX_RTC_Init                            0x08003114   Section        0  main.o(i.MX_RTC_Init)
    MX_RTC_Init                              0x08003115   Thumb Code   112  main.o(i.MX_RTC_Init)
    i.MX_TIM1_Init                           0x0800318c   Section        0  main.o(i.MX_TIM1_Init)
    MX_TIM1_Init                             0x0800318d   Thumb Code    78  main.o(i.MX_TIM1_Init)
    i.MemManage_Handler                      0x080031e4   Section        0  stm32f1xx_it.o(i.MemManage_Handler)
    i.NMI_Handler                            0x080031e6   Section        0  stm32f1xx_it.o(i.NMI_Handler)
    i.NVIC_SetPriority                       0x080031e8   Section        0  stm32f1xx_hal_cortex.o(i.NVIC_SetPriority)
    NVIC_SetPriority                         0x080031e9   Thumb Code    32  stm32f1xx_hal_cortex.o(i.NVIC_SetPriority)
    i.PendSV_Handler                         0x08003208   Section        0  stm32f1xx_it.o(i.PendSV_Handler)
    i.RTC_Alarm_IRQHandler                   0x0800320c   Section        0  stm32f1xx_it.o(i.RTC_Alarm_IRQHandler)
    i.RTC_Bcd2ToByte                         0x08003218   Section        0  stm32f1xx_hal_rtc.o(i.RTC_Bcd2ToByte)
    RTC_Bcd2ToByte                           0x08003219   Thumb Code    18  stm32f1xx_hal_rtc.o(i.RTC_Bcd2ToByte)
    i.RTC_ByteToBcd2                         0x0800322a   Section        0  stm32f1xx_hal_rtc.o(i.RTC_ByteToBcd2)
    RTC_ByteToBcd2                           0x0800322b   Thumb Code    22  stm32f1xx_hal_rtc.o(i.RTC_ByteToBcd2)
    i.RTC_DateUpdate                         0x08003240   Section        0  stm32f1xx_hal_rtc.o(i.RTC_DateUpdate)
    RTC_DateUpdate                           0x08003241   Thumb Code   174  stm32f1xx_hal_rtc.o(i.RTC_DateUpdate)
    i.RTC_EnterInitMode                      0x080032ee   Section        0  stm32f1xx_hal_rtc.o(i.RTC_EnterInitMode)
    RTC_EnterInitMode                        0x080032ef   Thumb Code    52  stm32f1xx_hal_rtc.o(i.RTC_EnterInitMode)
    i.RTC_ExitInitMode                       0x08003324   Section        0  stm32f1xx_hal_rtc.o(i.RTC_ExitInitMode)
    RTC_ExitInitMode                         0x08003325   Thumb Code    54  stm32f1xx_hal_rtc.o(i.RTC_ExitInitMode)
    i.RTC_IRQHandler                         0x0800335c   Section        0  stm32f1xx_it.o(i.RTC_IRQHandler)
    i.RTC_ReadAlarmCounter                   0x08003398   Section        0  stm32f1xx_hal_rtc.o(i.RTC_ReadAlarmCounter)
    RTC_ReadAlarmCounter                     0x08003399   Thumb Code    14  stm32f1xx_hal_rtc.o(i.RTC_ReadAlarmCounter)
    i.RTC_ReadTimeCounter                    0x080033a6   Section        0  stm32f1xx_hal_rtc.o(i.RTC_ReadTimeCounter)
    RTC_ReadTimeCounter                      0x080033a7   Thumb Code    32  stm32f1xx_hal_rtc.o(i.RTC_ReadTimeCounter)
    i.RTC_WeekDayNum                         0x080033c6   Section        0  stm32f1xx_hal_rtc.o(i.RTC_WeekDayNum)
    RTC_WeekDayNum                           0x080033c7   Thumb Code    86  stm32f1xx_hal_rtc.o(i.RTC_WeekDayNum)
    i.RTC_WriteAlarmCounter                  0x0800341c   Section        0  stm32f1xx_hal_rtc.o(i.RTC_WriteAlarmCounter)
    RTC_WriteAlarmCounter                    0x0800341d   Thumb Code    40  stm32f1xx_hal_rtc.o(i.RTC_WriteAlarmCounter)
    i.RTC_WriteTimeCounter                   0x08003444   Section        0  stm32f1xx_hal_rtc.o(i.RTC_WriteTimeCounter)
    RTC_WriteTimeCounter                     0x08003445   Thumb Code    40  stm32f1xx_hal_rtc.o(i.RTC_WriteTimeCounter)
    i.SVC_Handler                            0x0800346c   Section        0  stm32f1xx_it.o(i.SVC_Handler)
    i.SysTick_Handler                        0x0800346e   Section        0  stm32f1xx_it.o(i.SysTick_Handler)
    i.SystemClock_Config                     0x0800347c   Section        0  main.o(i.SystemClock_Config)
    i.SystemInit                             0x080034f8   Section        0  system_stm32f1xx.o(i.SystemInit)
    i.TIM1_BRK_IRQHandler                    0x08003540   Section        0  stm32f1xx_it.o(i.TIM1_BRK_IRQHandler)
    i.TIM1_UP_IRQHandler                     0x0800354c   Section        0  stm32f1xx_it.o(i.TIM1_UP_IRQHandler)
    i.TIM_Base_SetConfig                     0x0800356c   Section        0  stm32f1xx_hal_tim.o(i.TIM_Base_SetConfig)
    i.TIM_ETR_SetConfig                      0x080035d8   Section        0  stm32f1xx_hal_tim.o(i.TIM_ETR_SetConfig)
    TIM_ETR_SetConfig                        0x080035d9   Thumb Code    20  stm32f1xx_hal_tim.o(i.TIM_ETR_SetConfig)
    i.TIM_ITRx_SetConfig                     0x080035ec   Section        0  stm32f1xx_hal_tim.o(i.TIM_ITRx_SetConfig)
    TIM_ITRx_SetConfig                       0x080035ed   Thumb Code    16  stm32f1xx_hal_tim.o(i.TIM_ITRx_SetConfig)
    i.TIM_TI1_ConfigInputStage               0x080035fc   Section        0  stm32f1xx_hal_tim.o(i.TIM_TI1_ConfigInputStage)
    TIM_TI1_ConfigInputStage                 0x080035fd   Thumb Code    34  stm32f1xx_hal_tim.o(i.TIM_TI1_ConfigInputStage)
    i.TIM_TI2_ConfigInputStage               0x0800361e   Section        0  stm32f1xx_hal_tim.o(i.TIM_TI2_ConfigInputStage)
    TIM_TI2_ConfigInputStage                 0x0800361f   Thumb Code    36  stm32f1xx_hal_tim.o(i.TIM_TI2_ConfigInputStage)
    i.UART_DMAAbortOnError                   0x08003642   Section        0  stm32f1xx_hal_uart.o(i.UART_DMAAbortOnError)
    UART_DMAAbortOnError                     0x08003643   Thumb Code    16  stm32f1xx_hal_uart.o(i.UART_DMAAbortOnError)
    i.UART_EndRxTransfer                     0x08003652   Section        0  stm32f1xx_hal_uart.o(i.UART_EndRxTransfer)
    UART_EndRxTransfer                       0x08003653   Thumb Code    28  stm32f1xx_hal_uart.o(i.UART_EndRxTransfer)
    i.UART_Receive_IT                        0x0800366e   Section        0  stm32f1xx_hal_uart.o(i.UART_Receive_IT)
    UART_Receive_IT                          0x0800366f   Thumb Code   150  stm32f1xx_hal_uart.o(i.UART_Receive_IT)
    i.UART_SetConfig                         0x08003704   Section        0  stm32f1xx_hal_uart.o(i.UART_SetConfig)
    UART_SetConfig                           0x08003705   Thumb Code   364  stm32f1xx_hal_uart.o(i.UART_SetConfig)
    i.UART_Transmit_IT                       0x08003874   Section        0  stm32f1xx_hal_uart.o(i.UART_Transmit_IT)
    UART_Transmit_IT                         0x08003875   Thumb Code    98  stm32f1xx_hal_uart.o(i.UART_Transmit_IT)
    i.UART_WaitOnFlagUntilTimeout            0x080038d6   Section        0  stm32f1xx_hal_uart.o(i.UART_WaitOnFlagUntilTimeout)
    UART_WaitOnFlagUntilTimeout              0x080038d7   Thumb Code   100  stm32f1xx_hal_uart.o(i.UART_WaitOnFlagUntilTimeout)
    i.USART1_IRQHandler                      0x0800393c   Section        0  stm32f1xx_it.o(i.USART1_IRQHandler)
    i.UsageFault_Handler                     0x08003948   Section        0  stm32f1xx_it.o(i.UsageFault_Handler)
    i.__0sprintf$5                           0x0800394c   Section        0  printf5.o(i.__0sprintf$5)
    i.__scatterload_copy                     0x08003974   Section       14  handlers.o(i.__scatterload_copy)
    i.__scatterload_null                     0x08003982   Section        2  handlers.o(i.__scatterload_null)
    i.__scatterload_zeroinit                 0x08003984   Section       14  handlers.o(i.__scatterload_zeroinit)
    i._printf_core                           0x08003994   Section        0  printf5.o(i._printf_core)
    _printf_core                             0x08003995   Thumb Code   658  printf5.o(i._printf_core)
    i._sputc                                 0x08003c54   Section        0  printf5.o(i._sputc)
    _sputc                                   0x08003c55   Thumb Code    10  printf5.o(i._sputc)
    i.decToBcd                               0x08003c5e   Section        0  main.o(i.decToBcd)
    i.drawBigDigits                          0x08003c74   Section        0  hd44780.o(i.drawBigDigits)
    i.main                                   0x08003dec   Section        0  main.o(i.main)
    i.relayLight                             0x0800458c   Section        0  main.o(i.relayLight)
    .constdata                               0x08004624   Section       16  system_stm32f1xx.o(.constdata)
    .constdata                               0x08004634   Section        8  system_stm32f1xx.o(.constdata)
    .data                                    0x20000000   Section        4  system_stm32f1xx.o(.data)
    .data                                    0x20000004   Section        4  stm32f1xx_hal.o(.data)
    .data                                    0x20000008   Section       40  main.o(.data)
    .data                                    0x20000030   Section       64  hd44780.o(.data)
    .bss                                     0x20000070   Section      523  main.o(.bss)
    STACK                                    0x20000280   Section     1024  startup_stm32f103xb.o(STACK)

    Global Symbols

    Symbol Name                              Value     Ov Type        Size  Object(Section)

    BuildAttributes$$THM_ISAv4$P$D$K$B$S$PE$A:L22UL41UL21$X:L11$S22US41US21$IEEE1$IW$USESV6$~STKCKD$USESV7$~SHL$OSPACE$ROPI$EBA8$MICROLIB$REQ8$PRES8$EABIv2 0x00000000   Number         0  anon$$obj.o ABSOLUTE
    __ARM_use_no_argv                        0x00000000   Number         0  main.o ABSOLUTE
    _printf_a                                0x00000000   Number         0  stubs.o ABSOLUTE
    _printf_c                                0x00000000   Number         0  stubs.o ABSOLUTE
    _printf_charcount                        0x00000000   Number         0  stubs.o ABSOLUTE
    _printf_d                                0x00000000   Number         0  stubs.o ABSOLUTE
    _printf_e                                0x00000000   Number         0  stubs.o ABSOLUTE
    _printf_f                                0x00000000   Number         0  stubs.o ABSOLUTE
    _printf_flags                            0x00000000   Number         0  stubs.o ABSOLUTE
    _printf_fp_dec                           0x00000000   Number         0  stubs.o ABSOLUTE
    _printf_fp_hex                           0x00000000   Number         0  stubs.o ABSOLUTE
    _printf_g                                0x00000000   Number         0  stubs.o ABSOLUTE
    _printf_i                                0x00000000   Number         0  stubs.o ABSOLUTE
    _printf_int_dec                          0x00000000   Number         0  stubs.o ABSOLUTE
    _printf_l                                0x00000000   Number         0  stubs.o ABSOLUTE
    _printf_lc                               0x00000000   Number         0  stubs.o ABSOLUTE
    _printf_ll                               0x00000000   Number         0  stubs.o ABSOLUTE
    _printf_lld                              0x00000000   Number         0  stubs.o ABSOLUTE
    _printf_lli                              0x00000000   Number         0  stubs.o ABSOLUTE
    _printf_llo                              0x00000000   Number         0  stubs.o ABSOLUTE
    _printf_llu                              0x00000000   Number         0  stubs.o ABSOLUTE
    _printf_llx                              0x00000000   Number         0  stubs.o ABSOLUTE
    _printf_longlong_dec                     0x00000000   Number         0  stubs.o ABSOLUTE
    _printf_longlong_hex                     0x00000000   Number         0  stubs.o ABSOLUTE
    _printf_longlong_oct                     0x00000000   Number         0  stubs.o ABSOLUTE
    _printf_ls                               0x00000000   Number         0  stubs.o ABSOLUTE
    _printf_mbtowc                           0x00000000   Number         0  stubs.o ABSOLUTE
    _printf_n                                0x00000000   Number         0  stubs.o ABSOLUTE
    _printf_o                                0x00000000   Number         0  stubs.o ABSOLUTE
    _printf_p                                0x00000000   Number         0  stubs.o ABSOLUTE
    _printf_percent                          0x00000000   Number         0  stubs.o ABSOLUTE
    _printf_pre_padding                      0x00000000   Number         0  stubs.o ABSOLUTE
    _printf_return_value                     0x00000000   Number         0  stubs.o ABSOLUTE
    _printf_s                                0x00000000   Number         0  stubs.o ABSOLUTE
    _printf_sizespec                         0x00000000   Number         0  stubs.o ABSOLUTE
    _printf_str                              0x00000000   Number         0  stubs.o ABSOLUTE
    _printf_truncate_signed                  0x00000000   Number         0  stubs.o ABSOLUTE
    _printf_truncate_unsigned                0x00000000   Number         0  stubs.o ABSOLUTE
    _printf_u                                0x00000000   Number         0  stubs.o ABSOLUTE
    _printf_wc                               0x00000000   Number         0  stubs.o ABSOLUTE
    _printf_wctomb                           0x00000000   Number         0  stubs.o ABSOLUTE
    _printf_widthprec                        0x00000000   Number         0  stubs.o ABSOLUTE
    _printf_x                                0x00000000   Number         0  stubs.o ABSOLUTE
    __cpp_initialize__aeabi_                  - Undefined Weak Reference
    __cxa_finalize                            - Undefined Weak Reference
    __decompress                              - Undefined Weak Reference
    _clock_init                               - Undefined Weak Reference
    _microlib_exit                            - Undefined Weak Reference
    __Vectors_Size                           0x000000ec   Number         0  startup_stm32f103xb.o ABSOLUTE
    __Vectors                                0x08000000   Data           4  startup_stm32f103xb.o(RESET)
    __Vectors_End                            0x080000ec   Data           0  startup_stm32f103xb.o(RESET)
    __main                                   0x080000ed   Thumb Code     0  entry.o(.ARM.Collect$$$$00000000)
    _main_stk                                0x080000ed   Thumb Code     0  entry2.o(.ARM.Collect$$$$00000001)
    _main_scatterload                        0x080000f1   Thumb Code     0  entry5.o(.ARM.Collect$$$$00000004)
    __main_after_scatterload                 0x080000f5   Thumb Code     0  entry5.o(.ARM.Collect$$$$00000004)
    _main_clock                              0x080000f5   Thumb Code     0  entry7b.o(.ARM.Collect$$$$00000008)
    _main_cpp_init                           0x080000f5   Thumb Code     0  entry8b.o(.ARM.Collect$$$$0000000A)
    _main_init                               0x080000f5   Thumb Code     0  entry9a.o(.ARM.Collect$$$$0000000B)
    __rt_final_cpp                           0x080000fd   Thumb Code     0  entry10a.o(.ARM.Collect$$$$0000000D)
    __rt_final_exit                          0x080000fd   Thumb Code     0  entry11a.o(.ARM.Collect$$$$0000000F)
    Reset_Handler                            0x08000101   Thumb Code     8  startup_stm32f103xb.o(.text)
    ADC1_2_IRQHandler                        0x0800011b   Thumb Code     0  startup_stm32f103xb.o(.text)
    CAN1_RX1_IRQHandler                      0x0800011b   Thumb Code     0  startup_stm32f103xb.o(.text)
    CAN1_SCE_IRQHandler                      0x0800011b   Thumb Code     0  startup_stm32f103xb.o(.text)
    DMA1_Channel1_IRQHandler                 0x0800011b   Thumb Code     0  startup_stm32f103xb.o(.text)
    DMA1_Channel2_IRQHandler                 0x0800011b   Thumb Code     0  startup_stm32f103xb.o(.text)
    DMA1_Channel3_IRQHandler                 0x0800011b   Thumb Code     0  startup_stm32f103xb.o(.text)
    DMA1_Channel4_IRQHandler                 0x0800011b   Thumb Code     0  startup_stm32f103xb.o(.text)
    DMA1_Channel5_IRQHandler                 0x0800011b   Thumb Code     0  startup_stm32f103xb.o(.text)
    DMA1_Channel6_IRQHandler                 0x0800011b   Thumb Code     0  startup_stm32f103xb.o(.text)
    DMA1_Channel7_IRQHandler                 0x0800011b   Thumb Code     0  startup_stm32f103xb.o(.text)
    EXTI0_IRQHandler                         0x0800011b   Thumb Code     0  startup_stm32f103xb.o(.text)
    EXTI15_10_IRQHandler                     0x0800011b   Thumb Code     0  startup_stm32f103xb.o(.text)
    EXTI1_IRQHandler                         0x0800011b   Thumb Code     0  startup_stm32f103xb.o(.text)
    EXTI2_IRQHandler                         0x0800011b   Thumb Code     0  startup_stm32f103xb.o(.text)
    EXTI3_IRQHandler                         0x0800011b   Thumb Code     0  startup_stm32f103xb.o(.text)
    EXTI4_IRQHandler                         0x0800011b   Thumb Code     0  startup_stm32f103xb.o(.text)
    EXTI9_5_IRQHandler                       0x0800011b   Thumb Code     0  startup_stm32f103xb.o(.text)
    FLASH_IRQHandler                         0x0800011b   Thumb Code     0  startup_stm32f103xb.o(.text)
    I2C2_ER_IRQHandler                       0x0800011b   Thumb Code     0  startup_stm32f103xb.o(.text)
    I2C2_EV_IRQHandler                       0x0800011b   Thumb Code     0  startup_stm32f103xb.o(.text)
    PVD_IRQHandler                           0x0800011b   Thumb Code     0  startup_stm32f103xb.o(.text)
    RCC_IRQHandler                           0x0800011b   Thumb Code     0  startup_stm32f103xb.o(.text)
    SPI1_IRQHandler                          0x0800011b   Thumb Code     0  startup_stm32f103xb.o(.text)
    SPI2_IRQHandler                          0x0800011b   Thumb Code     0  startup_stm32f103xb.o(.text)
    TAMPER_IRQHandler                        0x0800011b   Thumb Code     0  startup_stm32f103xb.o(.text)
    TIM1_CC_IRQHandler                       0x0800011b   Thumb Code     0  startup_stm32f103xb.o(.text)
    TIM1_TRG_COM_IRQHandler                  0x0800011b   Thumb Code     0  startup_stm32f103xb.o(.text)
    TIM2_IRQHandler                          0x0800011b   Thumb Code     0  startup_stm32f103xb.o(.text)
    TIM3_IRQHandler                          0x0800011b   Thumb Code     0  startup_stm32f103xb.o(.text)
    TIM4_IRQHandler                          0x0800011b   Thumb Code     0  startup_stm32f103xb.o(.text)
    USART2_IRQHandler                        0x0800011b   Thumb Code     0  startup_stm32f103xb.o(.text)
    USART3_IRQHandler                        0x0800011b   Thumb Code     0  startup_stm32f103xb.o(.text)
    USBWakeUp_IRQHandler                     0x0800011b   Thumb Code     0  startup_stm32f103xb.o(.text)
    USB_HP_CAN1_TX_IRQHandler                0x0800011b   Thumb Code     0  startup_stm32f103xb.o(.text)
    USB_LP_CAN1_RX0_IRQHandler               0x0800011b   Thumb Code     0  startup_stm32f103xb.o(.text)
    WWDG_IRQHandler                          0x0800011b   Thumb Code     0  startup_stm32f103xb.o(.text)
    __aeabi_llsr                             0x08000125   Thumb Code    32  llushr.o(.text)
    _ll_ushift_r                             0x08000125   Thumb Code     0  llushr.o(.text)
    strcat                                   0x08000145   Thumb Code    24  strcat.o(.text)
    __aeabi_uldivmod                         0x0800015d   Thumb Code    98  uldiv.o(.text)
    __scatterload                            0x080001c1   Thumb Code    28  init.o(.text)
    __scatterload_rt2                        0x080001c1   Thumb Code     0  init.o(.text)
    __aeabi_llsl                             0x080001e5   Thumb Code    30  llshl.o(.text)
    _ll_shift_l                              0x080001e5   Thumb Code     0  llshl.o(.text)
    AT24XX_IsConnected                       0x08000205   Thumb Code    24  at24xx.o(i.AT24XX_IsConnected)
    AT24XX_Load                              0x08000221   Thumb Code    32  at24xx.o(i.AT24XX_Load)
    AT24XX_Read                              0x08000245   Thumb Code    20  at24xx.o(i.AT24XX_Read)
    AT24XX_Save                              0x08000259   Thumb Code    42  at24xx.o(i.AT24XX_Save)
    AT24XX_Write                             0x08000289   Thumb Code    16  at24xx.o(i.AT24XX_Write)
    BusFault_Handler                         0x08000299   Thumb Code     2  stm32f1xx_it.o(i.BusFault_Handler)
    DebugMon_Handler                         0x0800029b   Thumb Code     2  stm32f1xx_it.o(i.DebugMon_Handler)
    HAL_DMA_Abort_IT                         0x0800029d   Thumb Code   148  stm32f1xx_hal_dma.o(i.HAL_DMA_Abort_IT)
    HAL_Delay                                0x08000335   Thumb Code    28  stm32f1xx_hal.o(i.HAL_Delay)
    HAL_GPIO_Init                            0x08000351   Thumb Code   408  stm32f1xx_hal_gpio.o(i.HAL_GPIO_Init)
    HAL_GPIO_ReadPin                         0x0800050d   Thumb Code    10  stm32f1xx_hal_gpio.o(i.HAL_GPIO_ReadPin)
    HAL_GPIO_TogglePin                       0x08000517   Thumb Code     8  stm32f1xx_hal_gpio.o(i.HAL_GPIO_TogglePin)
    HAL_GPIO_WritePin                        0x0800051f   Thumb Code    10  stm32f1xx_hal_gpio.o(i.HAL_GPIO_WritePin)
    HAL_GetTick                              0x08000529   Thumb Code     6  stm32f1xx_hal.o(i.HAL_GetTick)
    HAL_I2C_AbortCpltCallback                0x08000535   Thumb Code     2  stm32f1xx_hal_i2c.o(i.HAL_I2C_AbortCpltCallback)
    HAL_I2C_AddrCallback                     0x08000537   Thumb Code     2  stm32f1xx_hal_i2c.o(i.HAL_I2C_AddrCallback)
    HAL_I2C_ER_IRQHandler                    0x08000539   Thumb Code   202  stm32f1xx_hal_i2c.o(i.HAL_I2C_ER_IRQHandler)
    HAL_I2C_EV_IRQHandler                    0x08000609   Thumb Code   486  stm32f1xx_hal_i2c.o(i.HAL_I2C_EV_IRQHandler)
    HAL_I2C_ErrorCallback                    0x080007f9   Thumb Code     2  stm32f1xx_hal_i2c.o(i.HAL_I2C_ErrorCallback)
    HAL_I2C_Init                             0x080007fd   Thumb Code   254  stm32f1xx_hal_i2c.o(i.HAL_I2C_Init)
    HAL_I2C_IsDeviceReady                    0x08000905   Thumb Code   344  stm32f1xx_hal_i2c.o(i.HAL_I2C_IsDeviceReady)
    HAL_I2C_ListenCpltCallback               0x08000a65   Thumb Code     2  stm32f1xx_hal_i2c.o(i.HAL_I2C_ListenCpltCallback)
    HAL_I2C_MasterRxCpltCallback             0x08000a67   Thumb Code     2  stm32f1xx_hal_i2c.o(i.HAL_I2C_MasterRxCpltCallback)
    HAL_I2C_MasterTxCpltCallback             0x08000a69   Thumb Code     2  stm32f1xx_hal_i2c.o(i.HAL_I2C_MasterTxCpltCallback)
    HAL_I2C_MemRxCpltCallback                0x08000a6b   Thumb Code     2  stm32f1xx_hal_i2c.o(i.HAL_I2C_MemRxCpltCallback)
    HAL_I2C_MemTxCpltCallback                0x08000a6d   Thumb Code     2  stm32f1xx_hal_i2c.o(i.HAL_I2C_MemTxCpltCallback)
    HAL_I2C_Mem_Read                         0x08000a71   Thumb Code   530  stm32f1xx_hal_i2c.o(i.HAL_I2C_Mem_Read)
    HAL_I2C_Mem_Write                        0x08000c91   Thumb Code   306  stm32f1xx_hal_i2c.o(i.HAL_I2C_Mem_Write)
    HAL_I2C_MspInit                          0x08000dcd   Thumb Code    86  stm32f1xx_hal_msp.o(i.HAL_I2C_MspInit)
    HAL_I2C_SlaveRxCpltCallback              0x08000e31   Thumb Code     2  stm32f1xx_hal_i2c.o(i.HAL_I2C_SlaveRxCpltCallback)
    HAL_I2C_SlaveTxCpltCallback              0x08000e33   Thumb Code     2  stm32f1xx_hal_i2c.o(i.HAL_I2C_SlaveTxCpltCallback)
    HAL_IncTick                              0x08000e35   Thumb Code    10  stm32f1xx_hal.o(i.HAL_IncTick)
    HAL_Init                                 0x08000e45   Thumb Code    32  stm32f1xx_hal.o(i.HAL_Init)
    HAL_InitTick                             0x08000e69   Thumb Code    34  stm32f1xx_hal.o(i.HAL_InitTick)
    HAL_MspInit                              0x08000e91   Thumb Code   122  stm32f1xx_hal_msp.o(i.HAL_MspInit)
    HAL_NVIC_EnableIRQ                       0x08000f15   Thumb Code    22  stm32f1xx_hal_cortex.o(i.HAL_NVIC_EnableIRQ)
    HAL_NVIC_SetPriority                     0x08000f2d   Thumb Code    60  stm32f1xx_hal_cortex.o(i.HAL_NVIC_SetPriority)
    HAL_NVIC_SetPriorityGrouping             0x08000f6d   Thumb Code    26  stm32f1xx_hal_cortex.o(i.HAL_NVIC_SetPriorityGrouping)
    HAL_PWR_EnableBkUpAccess                 0x08000f91   Thumb Code     8  stm32f1xx_hal_pwr.o(i.HAL_PWR_EnableBkUpAccess)
    HAL_RCCEx_GetPeriphCLKFreq               0x08000f9d   Thumb Code   166  stm32f1xx_hal_rcc_ex.o(i.HAL_RCCEx_GetPeriphCLKFreq)
    HAL_RCCEx_PeriphCLKConfig                0x08001065   Thumb Code   224  stm32f1xx_hal_rcc_ex.o(i.HAL_RCCEx_PeriphCLKConfig)
    HAL_RCC_ClockConfig                      0x08001151   Thumb Code   322  stm32f1xx_hal_rcc.o(i.HAL_RCC_ClockConfig)
    HAL_RCC_GetHCLKFreq                      0x080012a5   Thumb Code     6  stm32f1xx_hal_rcc.o(i.HAL_RCC_GetHCLKFreq)
    HAL_RCC_GetPCLK1Freq                     0x080012b1   Thumb Code    20  stm32f1xx_hal_rcc.o(i.HAL_RCC_GetPCLK1Freq)
    HAL_RCC_GetPCLK2Freq                     0x080012d1   Thumb Code    20  stm32f1xx_hal_rcc.o(i.HAL_RCC_GetPCLK2Freq)
    HAL_RCC_GetSysClockFreq                  0x080012f1   Thumb Code    74  stm32f1xx_hal_rcc.o(i.HAL_RCC_GetSysClockFreq)
    HAL_RCC_OscConfig                        0x0800135d   Thumb Code   750  stm32f1xx_hal_rcc.o(i.HAL_RCC_OscConfig)
    HAL_RTCEx_BKUPRead                       0x08001661   Thumb Code    10  stm32f1xx_hal_rtc_ex.o(i.HAL_RTCEx_BKUPRead)
    HAL_RTCEx_BKUPWrite                      0x08001671   Thumb Code    12  stm32f1xx_hal_rtc_ex.o(i.HAL_RTCEx_BKUPWrite)
    HAL_RTCEx_RTCEventCallback               0x08001681   Thumb Code     2  stm32f1xx_hal_rtc_ex.o(i.HAL_RTCEx_RTCEventCallback)
    HAL_RTCEx_RTCEventErrorCallback          0x08001683   Thumb Code     2  stm32f1xx_hal_rtc_ex.o(i.HAL_RTCEx_RTCEventErrorCallback)
    HAL_RTCEx_RTCIRQHandler                  0x08001685   Thumb Code    60  stm32f1xx_hal_rtc_ex.o(i.HAL_RTCEx_RTCIRQHandler)
    HAL_RTCEx_SetSecond_IT                   0x080016c1   Thumb Code    44  stm32f1xx_hal_rtc_ex.o(i.HAL_RTCEx_SetSecond_IT)
    HAL_RTC_AlarmAEventCallback              0x080016ed   Thumb Code     2  stm32f1xx_hal_rtc.o(i.HAL_RTC_AlarmAEventCallback)
    HAL_RTC_AlarmIRQHandler                  0x080016f1   Thumb Code    46  stm32f1xx_hal_rtc.o(i.HAL_RTC_AlarmIRQHandler)
    HAL_RTC_GetTime                          0x08001725   Thumb Code   216  stm32f1xx_hal_rtc.o(i.HAL_RTC_GetTime)
    HAL_RTC_Init                             0x080017fd   Thumb Code   154  stm32f1xx_hal_rtc.o(i.HAL_RTC_Init)
    HAL_RTC_MspInit                          0x0800189d   Thumb Code    76  stm32f1xx_hal_msp.o(i.HAL_RTC_MspInit)
    HAL_RTC_SetDate                          0x080018f5   Thumb Code   192  stm32f1xx_hal_rtc.o(i.HAL_RTC_SetDate)
    HAL_RTC_SetTime                          0x080019b9   Thumb Code   168  stm32f1xx_hal_rtc.o(i.HAL_RTC_SetTime)
    HAL_RTC_WaitForSynchro                   0x08001a65   Thumb Code    58  stm32f1xx_hal_rtc.o(i.HAL_RTC_WaitForSynchro)
    HAL_SYSTICK_CLKSourceConfig              0x08001a9f   Thumb Code    24  stm32f1xx_hal_cortex.o(i.HAL_SYSTICK_CLKSourceConfig)
    HAL_SYSTICK_Callback                     0x08001ab7   Thumb Code     2  stm32f1xx_hal_cortex.o(i.HAL_SYSTICK_Callback)
    HAL_SYSTICK_Config                       0x08001ab9   Thumb Code    40  stm32f1xx_hal_cortex.o(i.HAL_SYSTICK_Config)
    HAL_SYSTICK_IRQHandler                   0x08001ae1   Thumb Code     8  stm32f1xx_hal_cortex.o(i.HAL_SYSTICK_IRQHandler)
    HAL_TIMEx_BreakCallback                  0x08001ae9   Thumb Code     2  stm32f1xx_hal_tim_ex.o(i.HAL_TIMEx_BreakCallback)
    HAL_TIMEx_CommutationCallback            0x08001aeb   Thumb Code     2  stm32f1xx_hal_tim_ex.o(i.HAL_TIMEx_CommutationCallback)
    HAL_TIMEx_MasterConfigSynchronization    0x08001aed   Thumb Code    80  stm32f1xx_hal_tim_ex.o(i.HAL_TIMEx_MasterConfigSynchronization)
    HAL_TIM_Base_Init                        0x08001b3d   Thumb Code    54  stm32f1xx_hal_tim.o(i.HAL_TIM_Base_Init)
    HAL_TIM_Base_MspInit                     0x08001b75   Thumb Code    66  stm32f1xx_hal_msp.o(i.HAL_TIM_Base_MspInit)
    HAL_TIM_Base_Start_IT                    0x08001bc1   Thumb Code    24  stm32f1xx_hal_tim.o(i.HAL_TIM_Base_Start_IT)
    HAL_TIM_ConfigClockSource                0x08001bd9   Thumb Code   242  stm32f1xx_hal_tim.o(i.HAL_TIM_ConfigClockSource)
    HAL_TIM_IC_CaptureCallback               0x08001ccb   Thumb Code     2  stm32f1xx_hal_tim.o(i.HAL_TIM_IC_CaptureCallback)
    HAL_TIM_IRQHandler                       0x08001ccd   Thumb Code   358  stm32f1xx_hal_tim.o(i.HAL_TIM_IRQHandler)
    HAL_TIM_OC_DelayElapsedCallback          0x08001e33   Thumb Code     2  stm32f1xx_hal_tim.o(i.HAL_TIM_OC_DelayElapsedCallback)
    HAL_TIM_PWM_PulseFinishedCallback        0x08001e35   Thumb Code     2  stm32f1xx_hal_tim.o(i.HAL_TIM_PWM_PulseFinishedCallback)
    HAL_TIM_PeriodElapsedCallback            0x08001e37   Thumb Code     2  stm32f1xx_hal_tim.o(i.HAL_TIM_PeriodElapsedCallback)
    HAL_TIM_TriggerCallback                  0x08001e39   Thumb Code     2  stm32f1xx_hal_tim.o(i.HAL_TIM_TriggerCallback)
    HAL_UART_ErrorCallback                   0x08001e3b   Thumb Code     2  stm32f1xx_hal_uart.o(i.HAL_UART_ErrorCallback)
    HAL_UART_IRQHandler                      0x08001e3d   Thumb Code   266  stm32f1xx_hal_uart.o(i.HAL_UART_IRQHandler)
    HAL_UART_Init                            0x08001f4d   Thumb Code    98  stm32f1xx_hal_uart.o(i.HAL_UART_Init)
    HAL_UART_MspInit                         0x08001fb1   Thumb Code    92  stm32f1xx_hal_msp.o(i.HAL_UART_MspInit)
    HAL_UART_Receive_IT                      0x08002019   Thumb Code    82  stm32f1xx_hal_uart.o(i.HAL_UART_Receive_IT)
    HAL_UART_RxCpltCallback                  0x0800206d   Thumb Code    60  main.o(i.HAL_UART_RxCpltCallback)
    HAL_UART_Transmit                        0x080020b5   Thumb Code   186  stm32f1xx_hal_uart.o(i.HAL_UART_Transmit)
    HAL_UART_TxCpltCallback                  0x0800216f   Thumb Code     2  stm32f1xx_hal_uart.o(i.HAL_UART_TxCpltCallback)
    HD44780_Clear                            0x08002171   Thumb Code    18  hd44780.o(i.HD44780_Clear)
    HD44780_Command                          0x08002185   Thumb Code    88  hd44780.o(i.HD44780_Command)
    HD44780_CreateChar                       0x080021e1   Thumb Code    36  hd44780.o(i.HD44780_CreateChar)
    HD44780_Data                             0x08002205   Thumb Code    86  hd44780.o(i.HD44780_Data)
    HD44780_Init                             0x08002261   Thumb Code   354  hd44780.o(i.HD44780_Init)
    HD44780_ResetPins                        0x080023cd   Thumb Code    54  hd44780.o(i.HD44780_ResetPins)
    HD44780_SendChar                         0x08002409   Thumb Code    16  hd44780.o(i.HD44780_SendChar)
    HD44780_SetPos                           0x08002419   Thumb Code    54  hd44780.o(i.HD44780_SetPos)
    HD44780_String                           0x0800244f   Thumb Code    72  hd44780.o(i.HD44780_String)
    HD44780_WriteData                        0x08002499   Thumb Code    90  hd44780.o(i.HD44780_WriteData)
    HardFault_Handler                        0x080024f9   Thumb Code     2  stm32f1xx_it.o(i.HardFault_Handler)
    I2C1_ER_IRQHandler                       0x080024fd   Thumb Code     6  stm32f1xx_it.o(i.I2C1_ER_IRQHandler)
    I2C1_EV_IRQHandler                       0x08002509   Thumb Code     6  stm32f1xx_it.o(i.I2C1_EV_IRQHandler)
    MemManage_Handler                        0x080031e5   Thumb Code     2  stm32f1xx_it.o(i.MemManage_Handler)
    NMI_Handler                              0x080031e7   Thumb Code     2  stm32f1xx_it.o(i.NMI_Handler)
    PendSV_Handler                           0x08003209   Thumb Code     2  stm32f1xx_it.o(i.PendSV_Handler)
    RTC_Alarm_IRQHandler                     0x0800320d   Thumb Code     6  stm32f1xx_it.o(i.RTC_Alarm_IRQHandler)
    RTC_IRQHandler                           0x0800335d   Thumb Code    42  stm32f1xx_it.o(i.RTC_IRQHandler)
    SVC_Handler                              0x0800346d   Thumb Code     2  stm32f1xx_it.o(i.SVC_Handler)
    SysTick_Handler                          0x0800346f   Thumb Code    14  stm32f1xx_it.o(i.SysTick_Handler)
    SystemClock_Config                       0x0800347d   Thumb Code   122  main.o(i.SystemClock_Config)
    SystemInit                               0x080034f9   Thumb Code    56  system_stm32f1xx.o(i.SystemInit)
    TIM1_BRK_IRQHandler                      0x08003541   Thumb Code     6  stm32f1xx_it.o(i.TIM1_BRK_IRQHandler)
    TIM1_UP_IRQHandler                       0x0800354d   Thumb Code    22  stm32f1xx_it.o(i.TIM1_UP_IRQHandler)
    TIM_Base_SetConfig                       0x0800356d   Thumb Code    94  stm32f1xx_hal_tim.o(i.TIM_Base_SetConfig)
    USART1_IRQHandler                        0x0800393d   Thumb Code     6  stm32f1xx_it.o(i.USART1_IRQHandler)
    UsageFault_Handler                       0x08003949   Thumb Code     2  stm32f1xx_it.o(i.UsageFault_Handler)
    __0sprintf$5                             0x0800394d   Thumb Code    34  printf5.o(i.__0sprintf$5)
    __1sprintf$5                             0x0800394d   Thumb Code     0  printf5.o(i.__0sprintf$5)
    __2sprintf                               0x0800394d   Thumb Code     0  printf5.o(i.__0sprintf$5)
    __scatterload_copy                       0x08003975   Thumb Code    14  handlers.o(i.__scatterload_copy)
    __scatterload_null                       0x08003983   Thumb Code     2  handlers.o(i.__scatterload_null)
    __scatterload_zeroinit                   0x08003985   Thumb Code    14  handlers.o(i.__scatterload_zeroinit)
    decToBcd                                 0x08003c5f   Thumb Code    22  main.o(i.decToBcd)
    drawBigDigits                            0x08003c75   Thumb Code   370  hd44780.o(i.drawBigDigits)
    main                                     0x08003ded   Thumb Code  1934  main.o(i.main)
    relayLight                               0x0800458d   Thumb Code   140  main.o(i.relayLight)
    AHBPrescTable                            0x08004624   Data          16  system_stm32f1xx.o(.constdata)
    APBPrescTable                            0x08004634   Data           8  system_stm32f1xx.o(.constdata)
    Region$$Table$$Base                      0x0800463c   Number         0  anon$$obj.o(Region$$Table)
    Region$$Table$$Limit                     0x0800465c   Number         0  anon$$obj.o(Region$$Table)
    SystemCoreClock                          0x20000000   Data           4  system_stm32f1xx.o(.data)
    uwTick                                   0x20000004   Data           4  stm32f1xx_hal.o(.data)
    set                                      0x20000008   Data           1  main.o(.data)
    sec                                      0x20000009   Data           1  main.o(.data)
    min                                      0x2000000a   Data           1  main.o(.data)
    hour                                     0x2000000b   Data           1  main.o(.data)
    a0min                                    0x2000000c   Data           1  main.o(.data)
    a0hour                                   0x2000000d   Data           1  main.o(.data)
    a1min                                    0x2000000e   Data           1  main.o(.data)
    a1hour                                   0x2000000f   Data           1  main.o(.data)
    a2min                                    0x20000010   Data           1  main.o(.data)
    a2hour                                   0x20000011   Data           1  main.o(.data)
    lcd_out                                  0x20000012   Data           1  main.o(.data)
    big                                      0x20000013   Data           1  main.o(.data)
    triggerClear                             0x20000014   Data           1  main.o(.data)
    alarm                                    0x20000015   Data           1  main.o(.data)
    powerLight                               0x20000016   Data           1  main.o(.data)
    rx_index                                 0x20000017   Data           1  main.o(.data)
    rx_data                                  0x20000018   Data           1  main.o(.data)
    clkTime                                  0x20000019   Data           3  main.o(.data)
    millis                                   0x20000020   Data           8  main.o(.data)
    modeSwitch                               0x20000028   Data           8  main.o(.data)
    customChar_LT                            0x20000030   Data           8  hd44780.o(.data)
    customChar_UB                            0x20000038   Data           8  hd44780.o(.data)
    customChar_RT                            0x20000040   Data           8  hd44780.o(.data)
    customChar_LL                            0x20000048   Data           8  hd44780.o(.data)
    customChar_LB                            0x20000050   Data           8  hd44780.o(.data)
    customChar_LR                            0x20000058   Data           8  hd44780.o(.data)
    customChar_MB                            0x20000060   Data           8  hd44780.o(.data)
    customChar_BL                            0x20000068   Data           8  hd44780.o(.data)
    hi2c1                                    0x20000070   Data          84  main.o(.bss)
    hrtc                                     0x200000c4   Data          20  main.o(.bss)
    htim1                                    0x200000d8   Data          64  main.o(.bss)
    huart1                                   0x20000118   Data          64  main.o(.bss)
    bufstr                                   0x20000158   Data          10  main.o(.bss)
    str                                      0x20000162   Data          25  main.o(.bss)
    rx_buffer                                0x2000017b   Data         256  main.o(.bss)
    __initial_sp                             0x20000680   Data           0  startup_stm32f103xb.o(STACK)



==============================================================================

Memory Map of the image

  Image Entry point : 0x080000ed

  Load Region LR_IROM1 (Base: 0x08000000, Size: 0x000046cc, Max: 0x00010000, ABSOLUTE)

    Execution Region ER_IROM1 (Exec base: 0x08000000, Load base: 0x08000000, Size: 0x0000465c, Max: 0x00010000, ABSOLUTE)

    Exec Addr    Load Addr    Size         Type   Attr      Idx    E Section Name        Object

    0x08000000   0x08000000   0x000000ec   Data   RO         2900    RESET               startup_stm32f103xb.o
    0x080000ec   0x080000ec   0x00000000   Code   RO         3338  * .ARM.Collect$$$$00000000  mc_w.l(entry.o)
    0x080000ec   0x080000ec   0x00000004   Code   RO         3606    .ARM.Collect$$$$00000001  mc_w.l(entry2.o)
    0x080000f0   0x080000f0   0x00000004   Code   RO         3609    .ARM.Collect$$$$00000004  mc_w.l(entry5.o)
    0x080000f4   0x080000f4   0x00000000   Code   RO         3611    .ARM.Collect$$$$00000008  mc_w.l(entry7b.o)
    0x080000f4   0x080000f4   0x00000000   Code   RO         3613    .ARM.Collect$$$$0000000A  mc_w.l(entry8b.o)
    0x080000f4   0x080000f4   0x00000008   Code   RO         3614    .ARM.Collect$$$$0000000B  mc_w.l(entry9a.o)
    0x080000fc   0x080000fc   0x00000000   Code   RO         3616    .ARM.Collect$$$$0000000D  mc_w.l(entry10a.o)
    0x080000fc   0x080000fc   0x00000000   Code   RO         3618    .ARM.Collect$$$$0000000F  mc_w.l(entry11a.o)
    0x080000fc   0x080000fc   0x00000004   Code   RO         3607    .ARM.Collect$$$$00002712  mc_w.l(entry2.o)
    0x08000100   0x08000100   0x00000024   Code   RO         2901    .text               startup_stm32f103xb.o
    0x08000124   0x08000124   0x00000020   Code   RO         3341    .text               mc_w.l(llushr.o)
    0x08000144   0x08000144   0x00000018   Code   RO         3343    .text               mc_w.l(strcat.o)
    0x0800015c   0x0800015c   0x00000062   Code   RO         3625    .text               mc_w.l(uldiv.o)
    0x080001be   0x080001be   0x00000002   PAD
    0x080001c0   0x080001c0   0x00000024   Code   RO         3638    .text               mc_w.l(init.o)
    0x080001e4   0x080001e4   0x0000001e   Code   RO         3641    .text               mc_w.l(llshl.o)
    0x08000202   0x08000202   0x00000002   PAD
    0x08000204   0x08000204   0x0000001c   Code   RO         3200    i.AT24XX_IsConnected  at24xx.o
    0x08000220   0x08000220   0x00000024   Code   RO         3201    i.AT24XX_Load       at24xx.o
    0x08000244   0x08000244   0x00000014   Code   RO         3202    i.AT24XX_Read       at24xx.o
    0x08000258   0x08000258   0x00000030   Code   RO         3203    i.AT24XX_Save       at24xx.o
    0x08000288   0x08000288   0x00000010   Code   RO         3204    i.AT24XX_Write      at24xx.o
    0x08000298   0x08000298   0x00000002   Code   RO         3010    i.BusFault_Handler  stm32f1xx_it.o
    0x0800029a   0x0800029a   0x00000002   Code   RO         3011    i.DebugMon_Handler  stm32f1xx_it.o
    0x0800029c   0x0800029c   0x00000098   Code   RO         2191    i.HAL_DMA_Abort_IT  stm32f1xx_hal_dma.o
    0x08000334   0x08000334   0x0000001c   Code   RO         1970    i.HAL_Delay         stm32f1xx_hal.o
    0x08000350   0x08000350   0x000001bc   Code   RO          308    i.HAL_GPIO_Init     stm32f1xx_hal_gpio.o
    0x0800050c   0x0800050c   0x0000000a   Code   RO          310    i.HAL_GPIO_ReadPin  stm32f1xx_hal_gpio.o
    0x08000516   0x08000516   0x00000008   Code   RO          311    i.HAL_GPIO_TogglePin  stm32f1xx_hal_gpio.o
    0x0800051e   0x0800051e   0x0000000a   Code   RO          312    i.HAL_GPIO_WritePin  stm32f1xx_hal_gpio.o
    0x08000528   0x08000528   0x0000000c   Code   RO         1974    i.HAL_GetTick       stm32f1xx_hal.o
    0x08000534   0x08000534   0x00000002   Code   RO          474    i.HAL_I2C_AbortCpltCallback  stm32f1xx_hal_i2c.o
    0x08000536   0x08000536   0x00000002   Code   RO          475    i.HAL_I2C_AddrCallback  stm32f1xx_hal_i2c.o
    0x08000538   0x08000538   0x000000d0   Code   RO          478    i.HAL_I2C_ER_IRQHandler  stm32f1xx_hal_i2c.o
    0x08000608   0x08000608   0x000001f0   Code   RO          479    i.HAL_I2C_EV_IRQHandler  stm32f1xx_hal_i2c.o
    0x080007f8   0x080007f8   0x00000002   Code   RO          481    i.HAL_I2C_ErrorCallback  stm32f1xx_hal_i2c.o
    0x080007fa   0x080007fa   0x00000002   PAD
    0x080007fc   0x080007fc   0x00000108   Code   RO          485    i.HAL_I2C_Init      stm32f1xx_hal_i2c.o
    0x08000904   0x08000904   0x00000160   Code   RO          486    i.HAL_I2C_IsDeviceReady  stm32f1xx_hal_i2c.o
    0x08000a64   0x08000a64   0x00000002   Code   RO          487    i.HAL_I2C_ListenCpltCallback  stm32f1xx_hal_i2c.o
    0x08000a66   0x08000a66   0x00000002   Code   RO          488    i.HAL_I2C_MasterRxCpltCallback  stm32f1xx_hal_i2c.o
    0x08000a68   0x08000a68   0x00000002   Code   RO          489    i.HAL_I2C_MasterTxCpltCallback  stm32f1xx_hal_i2c.o
    0x08000a6a   0x08000a6a   0x00000002   Code   RO          499    i.HAL_I2C_MemRxCpltCallback  stm32f1xx_hal_i2c.o
    0x08000a6c   0x08000a6c   0x00000002   Code   RO          500    i.HAL_I2C_MemTxCpltCallback  stm32f1xx_hal_i2c.o
    0x08000a6e   0x08000a6e   0x00000002   PAD
    0x08000a70   0x08000a70   0x00000220   Code   RO          501    i.HAL_I2C_Mem_Read  stm32f1xx_hal_i2c.o
    0x08000c90   0x08000c90   0x0000013c   Code   RO          504    i.HAL_I2C_Mem_Write  stm32f1xx_hal_i2c.o
    0x08000dcc   0x08000dcc   0x00000064   Code   RO         3129    i.HAL_I2C_MspInit   stm32f1xx_hal_msp.o
    0x08000e30   0x08000e30   0x00000002   Code   RO          509    i.HAL_I2C_SlaveRxCpltCallback  stm32f1xx_hal_i2c.o
    0x08000e32   0x08000e32   0x00000002   Code   RO          510    i.HAL_I2C_SlaveTxCpltCallback  stm32f1xx_hal_i2c.o
    0x08000e34   0x08000e34   0x00000010   Code   RO         1976    i.HAL_IncTick       stm32f1xx_hal.o
    0x08000e44   0x08000e44   0x00000024   Code   RO         1977    i.HAL_Init          stm32f1xx_hal.o
    0x08000e68   0x08000e68   0x00000028   Code   RO         1978    i.HAL_InitTick      stm32f1xx_hal.o
    0x08000e90   0x08000e90   0x00000084   Code   RO         3130    i.HAL_MspInit       stm32f1xx_hal_msp.o
    0x08000f14   0x08000f14   0x00000016   Code   RO         2648    i.HAL_NVIC_EnableIRQ  stm32f1xx_hal_cortex.o
    0x08000f2a   0x08000f2a   0x00000002   PAD
    0x08000f2c   0x08000f2c   0x00000040   Code   RO         2654    i.HAL_NVIC_SetPriority  stm32f1xx_hal_cortex.o
    0x08000f6c   0x08000f6c   0x00000024   Code   RO         2655    i.HAL_NVIC_SetPriorityGrouping  stm32f1xx_hal_cortex.o
    0x08000f90   0x08000f90   0x0000000c   Code   RO          879    i.HAL_PWR_EnableBkUpAccess  stm32f1xx_hal_pwr.o
    0x08000f9c   0x08000f9c   0x000000c8   Code   RO         2611    i.HAL_RCCEx_GetPeriphCLKFreq  stm32f1xx_hal_rcc_ex.o
    0x08001064   0x08001064   0x000000ec   Code   RO         2612    i.HAL_RCCEx_PeriphCLKConfig  stm32f1xx_hal_rcc_ex.o
    0x08001150   0x08001150   0x00000154   Code   RO         2800    i.HAL_RCC_ClockConfig  stm32f1xx_hal_rcc.o
    0x080012a4   0x080012a4   0x0000000c   Code   RO         2805    i.HAL_RCC_GetHCLKFreq  stm32f1xx_hal_rcc.o
    0x080012b0   0x080012b0   0x00000020   Code   RO         2807    i.HAL_RCC_GetPCLK1Freq  stm32f1xx_hal_rcc.o
    0x080012d0   0x080012d0   0x00000020   Code   RO         2808    i.HAL_RCC_GetPCLK2Freq  stm32f1xx_hal_rcc.o
    0x080012f0   0x080012f0   0x0000006c   Code   RO         2809    i.HAL_RCC_GetSysClockFreq  stm32f1xx_hal_rcc.o
    0x0800135c   0x0800135c   0x00000304   Code   RO         2812    i.HAL_RCC_OscConfig  stm32f1xx_hal_rcc.o
    0x08001660   0x08001660   0x00000010   Code   RO         1628    i.HAL_RTCEx_BKUPRead  stm32f1xx_hal_rtc_ex.o
    0x08001670   0x08001670   0x00000010   Code   RO         1629    i.HAL_RTCEx_BKUPWrite  stm32f1xx_hal_rtc_ex.o
    0x08001680   0x08001680   0x00000002   Code   RO         1633    i.HAL_RTCEx_RTCEventCallback  stm32f1xx_hal_rtc_ex.o
    0x08001682   0x08001682   0x00000002   Code   RO         1634    i.HAL_RTCEx_RTCEventErrorCallback  stm32f1xx_hal_rtc_ex.o
    0x08001684   0x08001684   0x0000003c   Code   RO         1635    i.HAL_RTCEx_RTCIRQHandler  stm32f1xx_hal_rtc_ex.o
    0x080016c0   0x080016c0   0x0000002c   Code   RO         1636    i.HAL_RTCEx_SetSecond_IT  stm32f1xx_hal_rtc_ex.o
    0x080016ec   0x080016ec   0x00000002   Code   RO          131    i.HAL_RTC_AlarmAEventCallback  stm32f1xx_hal_rtc.o
    0x080016ee   0x080016ee   0x00000002   PAD
    0x080016f0   0x080016f0   0x00000034   Code   RO          132    i.HAL_RTC_AlarmIRQHandler  stm32f1xx_hal_rtc.o
    0x08001724   0x08001724   0x000000d8   Code   RO          138    i.HAL_RTC_GetTime   stm32f1xx_hal_rtc.o
    0x080017fc   0x080017fc   0x000000a0   Code   RO          139    i.HAL_RTC_Init      stm32f1xx_hal_rtc.o
    0x0800189c   0x0800189c   0x00000058   Code   RO         3132    i.HAL_RTC_MspInit   stm32f1xx_hal_msp.o
    0x080018f4   0x080018f4   0x000000c4   Code   RO          145    i.HAL_RTC_SetDate   stm32f1xx_hal_rtc.o
    0x080019b8   0x080019b8   0x000000ac   Code   RO          146    i.HAL_RTC_SetTime   stm32f1xx_hal_rtc.o
    0x08001a64   0x08001a64   0x0000003a   Code   RO          147    i.HAL_RTC_WaitForSynchro  stm32f1xx_hal_rtc.o
    0x08001a9e   0x08001a9e   0x00000018   Code   RO         2657    i.HAL_SYSTICK_CLKSourceConfig  stm32f1xx_hal_cortex.o
    0x08001ab6   0x08001ab6   0x00000002   Code   RO         2658    i.HAL_SYSTICK_Callback  stm32f1xx_hal_cortex.o
    0x08001ab8   0x08001ab8   0x00000028   Code   RO         2659    i.HAL_SYSTICK_Config  stm32f1xx_hal_cortex.o
    0x08001ae0   0x08001ae0   0x00000008   Code   RO         2660    i.HAL_SYSTICK_IRQHandler  stm32f1xx_hal_cortex.o
    0x08001ae8   0x08001ae8   0x00000002   Code   RO         1730    i.HAL_TIMEx_BreakCallback  stm32f1xx_hal_tim_ex.o
    0x08001aea   0x08001aea   0x00000002   Code   RO         1731    i.HAL_TIMEx_CommutationCallback  stm32f1xx_hal_tim_ex.o
    0x08001aec   0x08001aec   0x00000050   Code   RO         1747    i.HAL_TIMEx_MasterConfigSynchronization  stm32f1xx_hal_tim_ex.o
    0x08001b3c   0x08001b3c   0x00000036   Code   RO          999    i.HAL_TIM_Base_Init  stm32f1xx_hal_tim.o
    0x08001b72   0x08001b72   0x00000002   PAD
    0x08001b74   0x08001b74   0x0000004c   Code   RO         3134    i.HAL_TIM_Base_MspInit  stm32f1xx_hal_msp.o
    0x08001bc0   0x08001bc0   0x00000018   Code   RO         1004    i.HAL_TIM_Base_Start_IT  stm32f1xx_hal_tim.o
    0x08001bd8   0x08001bd8   0x000000f2   Code   RO         1008    i.HAL_TIM_ConfigClockSource  stm32f1xx_hal_tim.o
    0x08001cca   0x08001cca   0x00000002   Code   RO         1028    i.HAL_TIM_IC_CaptureCallback  stm32f1xx_hal_tim.o
    0x08001ccc   0x08001ccc   0x00000166   Code   RO         1041    i.HAL_TIM_IRQHandler  stm32f1xx_hal_tim.o
    0x08001e32   0x08001e32   0x00000002   Code   RO         1044    i.HAL_TIM_OC_DelayElapsedCallback  stm32f1xx_hal_tim.o
    0x08001e34   0x08001e34   0x00000002   Code   RO         1071    i.HAL_TIM_PWM_PulseFinishedCallback  stm32f1xx_hal_tim.o
    0x08001e36   0x08001e36   0x00000002   Code   RO         1078    i.HAL_TIM_PeriodElapsedCallback  stm32f1xx_hal_tim.o
    0x08001e38   0x08001e38   0x00000002   Code   RO         1082    i.HAL_TIM_TriggerCallback  stm32f1xx_hal_tim.o
    0x08001e3a   0x08001e3a   0x00000002   Code   RO         2305    i.HAL_UART_ErrorCallback  stm32f1xx_hal_uart.o
    0x08001e3c   0x08001e3c   0x00000110   Code   RO         2308    i.HAL_UART_IRQHandler  stm32f1xx_hal_uart.o
    0x08001f4c   0x08001f4c   0x00000062   Code   RO         2309    i.HAL_UART_Init     stm32f1xx_hal_uart.o
    0x08001fae   0x08001fae   0x00000002   PAD
    0x08001fb0   0x08001fb0   0x00000068   Code   RO         3136    i.HAL_UART_MspInit  stm32f1xx_hal_msp.o
    0x08002018   0x08002018   0x00000052   Code   RO         2314    i.HAL_UART_Receive_IT  stm32f1xx_hal_uart.o
    0x0800206a   0x0800206a   0x00000002   PAD
    0x0800206c   0x0800206c   0x00000048   Code   RO         2908    i.HAL_UART_RxCpltCallback  main.o
    0x080020b4   0x080020b4   0x000000ba   Code   RO         2317    i.HAL_UART_Transmit  stm32f1xx_hal_uart.o
    0x0800216e   0x0800216e   0x00000002   Code   RO         2320    i.HAL_UART_TxCpltCallback  stm32f1xx_hal_uart.o
    0x08002170   0x08002170   0x00000012   Code   RO         3248    i.HD44780_Clear     hd44780.o
    0x08002182   0x08002182   0x00000002   PAD
    0x08002184   0x08002184   0x0000005c   Code   RO         3249    i.HD44780_Command   hd44780.o
    0x080021e0   0x080021e0   0x00000024   Code   RO         3250    i.HD44780_CreateChar  hd44780.o
    0x08002204   0x08002204   0x0000005c   Code   RO         3251    i.HD44780_Data      hd44780.o
    0x08002260   0x08002260   0x0000016c   Code   RO         3252    i.HD44780_Init      hd44780.o
    0x080023cc   0x080023cc   0x0000003c   Code   RO         3254    i.HD44780_ResetPins  hd44780.o
    0x08002408   0x08002408   0x00000010   Code   RO         3255    i.HD44780_SendChar  hd44780.o
    0x08002418   0x08002418   0x00000036   Code   RO         3256    i.HD44780_SetPos    hd44780.o
    0x0800244e   0x0800244e   0x00000048   Code   RO         3257    i.HD44780_String    hd44780.o
    0x08002496   0x08002496   0x00000002   PAD
    0x08002498   0x08002498   0x00000060   Code   RO         3258    i.HD44780_WriteData  hd44780.o
    0x080024f8   0x080024f8   0x00000002   Code   RO         3012    i.HardFault_Handler  stm32f1xx_it.o
    0x080024fa   0x080024fa   0x00000002   PAD
    0x080024fc   0x080024fc   0x0000000c   Code   RO         3013    i.I2C1_ER_IRQHandler  stm32f1xx_it.o
    0x08002508   0x08002508   0x0000000c   Code   RO         3014    i.I2C1_EV_IRQHandler  stm32f1xx_it.o
    0x08002514   0x08002514   0x0000004e   Code   RO          519    i.I2C_DMAAbort      stm32f1xx_hal_i2c.o
    0x08002562   0x08002562   0x00000002   PAD
    0x08002564   0x08002564   0x00000124   Code   RO          522    i.I2C_ITError       stm32f1xx_hal_i2c.o
    0x08002688   0x08002688   0x00000028   Code   RO          523    i.I2C_IsAcknowledgeFailed  stm32f1xx_hal_i2c.o
    0x080026b0   0x080026b0   0x000000c8   Code   RO          524    i.I2C_MasterReceive_BTF  stm32f1xx_hal_i2c.o
    0x08002778   0x08002778   0x000000ae   Code   RO          525    i.I2C_MasterReceive_RXNE  stm32f1xx_hal_i2c.o
    0x08002826   0x08002826   0x00000080   Code   RO          528    i.I2C_MasterTransmit_BTF  stm32f1xx_hal_i2c.o
    0x080028a6   0x080028a6   0x00000002   PAD
    0x080028a8   0x080028a8   0x00000108   Code   RO          529    i.I2C_MasterTransmit_TXE  stm32f1xx_hal_i2c.o
    0x080029b0   0x080029b0   0x0000011a   Code   RO          530    i.I2C_Master_ADDR   stm32f1xx_hal_i2c.o
    0x08002aca   0x08002aca   0x0000005a   Code   RO          531    i.I2C_Master_SB     stm32f1xx_hal_i2c.o
    0x08002b24   0x08002b24   0x000000f0   Code   RO          532    i.I2C_RequestMemoryRead  stm32f1xx_hal_i2c.o
    0x08002c14   0x08002c14   0x000000a0   Code   RO          533    i.I2C_RequestMemoryWrite  stm32f1xx_hal_i2c.o
    0x08002cb4   0x08002cb4   0x00000084   Code   RO          534    i.I2C_Slave_AF      stm32f1xx_hal_i2c.o
    0x08002d38   0x08002d38   0x000000dc   Code   RO          535    i.I2C_Slave_STOPF   stm32f1xx_hal_i2c.o
    0x08002e14   0x08002e14   0x0000004e   Code   RO          536    i.I2C_WaitOnBTFFlagUntilTimeout  stm32f1xx_hal_i2c.o
    0x08002e62   0x08002e62   0x00000060   Code   RO          537    i.I2C_WaitOnFlagUntilTimeout  stm32f1xx_hal_i2c.o
    0x08002ec2   0x08002ec2   0x00000002   PAD
    0x08002ec4   0x08002ec4   0x00000088   Code   RO          538    i.I2C_WaitOnMasterAddressFlagUntilTimeout  stm32f1xx_hal_i2c.o
    0x08002f4c   0x08002f4c   0x00000062   Code   RO          539    i.I2C_WaitOnRXNEFlagUntilTimeout  stm32f1xx_hal_i2c.o
    0x08002fae   0x08002fae   0x0000004e   Code   RO          540    i.I2C_WaitOnTXEFlagUntilTimeout  stm32f1xx_hal_i2c.o
    0x08002ffc   0x08002ffc   0x000000e0   Code   RO         2909    i.MX_GPIO_Init      main.o
    0x080030dc   0x080030dc   0x00000038   Code   RO         2910    i.MX_I2C1_Init      main.o
    0x08003114   0x08003114   0x00000078   Code   RO         2911    i.MX_RTC_Init       main.o
    0x0800318c   0x0800318c   0x00000058   Code   RO         2912    i.MX_TIM1_Init      main.o
    0x080031e4   0x080031e4   0x00000002   Code   RO         3015    i.MemManage_Handler  stm32f1xx_it.o
    0x080031e6   0x080031e6   0x00000002   Code   RO         3016    i.NMI_Handler       stm32f1xx_it.o
    0x080031e8   0x080031e8   0x00000020   Code   RO         2661    i.NVIC_SetPriority  stm32f1xx_hal_cortex.o
    0x08003208   0x08003208   0x00000002   Code   RO         3017    i.PendSV_Handler    stm32f1xx_it.o
    0x0800320a   0x0800320a   0x00000002   PAD
    0x0800320c   0x0800320c   0x0000000c   Code   RO         3018    i.RTC_Alarm_IRQHandler  stm32f1xx_it.o
    0x08003218   0x08003218   0x00000012   Code   RO          148    i.RTC_Bcd2ToByte    stm32f1xx_hal_rtc.o
    0x0800322a   0x0800322a   0x00000016   Code   RO          149    i.RTC_ByteToBcd2    stm32f1xx_hal_rtc.o
    0x08003240   0x08003240   0x000000ae   Code   RO          150    i.RTC_DateUpdate    stm32f1xx_hal_rtc.o
    0x080032ee   0x080032ee   0x00000034   Code   RO          151    i.RTC_EnterInitMode  stm32f1xx_hal_rtc.o
    0x08003322   0x08003322   0x00000002   PAD
    0x08003324   0x08003324   0x00000036   Code   RO          152    i.RTC_ExitInitMode  stm32f1xx_hal_rtc.o
    0x0800335a   0x0800335a   0x00000002   PAD
    0x0800335c   0x0800335c   0x0000003c   Code   RO         3019    i.RTC_IRQHandler    stm32f1xx_it.o
    0x08003398   0x08003398   0x0000000e   Code   RO          153    i.RTC_ReadAlarmCounter  stm32f1xx_hal_rtc.o
    0x080033a6   0x080033a6   0x00000020   Code   RO          154    i.RTC_ReadTimeCounter  stm32f1xx_hal_rtc.o
    0x080033c6   0x080033c6   0x00000056   Code   RO          155    i.RTC_WeekDayNum    stm32f1xx_hal_rtc.o
    0x0800341c   0x0800341c   0x00000028   Code   RO          156    i.RTC_WriteAlarmCounter  stm32f1xx_hal_rtc.o
    0x08003444   0x08003444   0x00000028   Code   RO          157    i.RTC_WriteTimeCounter  stm32f1xx_hal_rtc.o
    0x0800346c   0x0800346c   0x00000002   Code   RO         3020    i.SVC_Handler       stm32f1xx_it.o
    0x0800346e   0x0800346e   0x0000000e   Code   RO         3021    i.SysTick_Handler   stm32f1xx_it.o
    0x0800347c   0x0800347c   0x0000007a   Code   RO         2913    i.SystemClock_Config  main.o
    0x080034f6   0x080034f6   0x00000002   PAD
    0x080034f8   0x080034f8   0x00000048   Code   RO            5    i.SystemInit        system_stm32f1xx.o
    0x08003540   0x08003540   0x0000000c   Code   RO         3022    i.TIM1_BRK_IRQHandler  stm32f1xx_it.o
    0x0800354c   0x0800354c   0x00000020   Code   RO         3023    i.TIM1_UP_IRQHandler  stm32f1xx_it.o
    0x0800356c   0x0800356c   0x0000006c   Code   RO         1083    i.TIM_Base_SetConfig  stm32f1xx_hal_tim.o
    0x080035d8   0x080035d8   0x00000014   Code   RO         1090    i.TIM_ETR_SetConfig  stm32f1xx_hal_tim.o
    0x080035ec   0x080035ec   0x00000010   Code   RO         1091    i.TIM_ITRx_SetConfig  stm32f1xx_hal_tim.o
    0x080035fc   0x080035fc   0x00000022   Code   RO         1097    i.TIM_TI1_ConfigInputStage  stm32f1xx_hal_tim.o
    0x0800361e   0x0800361e   0x00000024   Code   RO         1099    i.TIM_TI2_ConfigInputStage  stm32f1xx_hal_tim.o
    0x08003642   0x08003642   0x00000010   Code   RO         2322    i.UART_DMAAbortOnError  stm32f1xx_hal_uart.o
    0x08003652   0x08003652   0x0000001c   Code   RO         2332    i.UART_EndRxTransfer  stm32f1xx_hal_uart.o
    0x0800366e   0x0800366e   0x00000096   Code   RO         2334    i.UART_Receive_IT   stm32f1xx_hal_uart.o
    0x08003704   0x08003704   0x00000170   Code   RO         2335    i.UART_SetConfig    stm32f1xx_hal_uart.o
    0x08003874   0x08003874   0x00000062   Code   RO         2336    i.UART_Transmit_IT  stm32f1xx_hal_uart.o
    0x080038d6   0x080038d6   0x00000064   Code   RO         2337    i.UART_WaitOnFlagUntilTimeout  stm32f1xx_hal_uart.o
    0x0800393a   0x0800393a   0x00000002   PAD
    0x0800393c   0x0800393c   0x0000000c   Code   RO         3024    i.USART1_IRQHandler  stm32f1xx_it.o
    0x08003948   0x08003948   0x00000002   Code   RO         3025    i.UsageFault_Handler  stm32f1xx_it.o
    0x0800394a   0x0800394a   0x00000002   PAD
    0x0800394c   0x0800394c   0x00000028   Code   RO         3480    i.__0sprintf$5      mc_w.l(printf5.o)
    0x08003974   0x08003974   0x0000000e   Code   RO         3650    i.__scatterload_copy  mc_w.l(handlers.o)
    0x08003982   0x08003982   0x00000002   Code   RO         3651    i.__scatterload_null  mc_w.l(handlers.o)
    0x08003984   0x08003984   0x0000000e   Code   RO         3652    i.__scatterload_zeroinit  mc_w.l(handlers.o)
    0x08003992   0x08003992   0x00000002   PAD
    0x08003994   0x08003994   0x000002c0   Code   RO         3485    i._printf_core      mc_w.l(printf5.o)
    0x08003c54   0x08003c54   0x0000000a   Code   RO         3487    i._sputc            mc_w.l(printf5.o)
    0x08003c5e   0x08003c5e   0x00000016   Code   RO         2916    i.decToBcd          main.o
    0x08003c74   0x08003c74   0x00000178   Code   RO         3259    i.drawBigDigits     hd44780.o
    0x08003dec   0x08003dec   0x000007a0   Code   RO         2917    i.main              main.o
    0x0800458c   0x0800458c   0x00000098   Code   RO         2918    i.relayLight        main.o
    0x08004624   0x08004624   0x00000010   Data   RO            6    .constdata          system_stm32f1xx.o
    0x08004634   0x08004634   0x00000008   Data   RO            7    .constdata          system_stm32f1xx.o
    0x0800463c   0x0800463c   0x00000020   Data   RO         3648    Region$$Table       anon$$obj.o


    Execution Region RW_IRAM1 (Exec base: 0x20000000, Load base: 0x0800465c, Size: 0x00000680, Max: 0x00005000, ABSOLUTE)

    Exec Addr    Load Addr    Size         Type   Attr      Idx    E Section Name        Object

    0x20000000   0x0800465c   0x00000004   Data   RW            8    .data               system_stm32f1xx.o
    0x20000004   0x08004660   0x00000004   Data   RW         1983    .data               stm32f1xx_hal.o
    0x20000008   0x08004664   0x00000028   Data   RW         2920    .data               main.o
    0x20000030   0x0800468c   0x00000040   Data   RW         3260    .data               hd44780.o
    0x20000070        -       0x0000020b   Zero   RW         2919    .bss                main.o
    0x2000027b   0x080046cc   0x00000005   PAD
    0x20000280        -       0x00000400   Zero   RW         2898    STACK               startup_stm32f103xb.o


==============================================================================

Image component sizes


      Code (inc. data)   RO Data    RW Data    ZI Data      Debug   Object Name

       148         14          0          0          0       3280   at24xx.o
      1276         48          0         64          0       7500   hd44780.o
      2808        222          0         40        523       8657   main.o
        36          8        236          0       1024        796   startup_stm32f103xb.o
       132         22          0          4          0       3823   stm32f1xx_hal.o
       228         14          0          0          0      27601   stm32f1xx_hal_cortex.o
       152          4          0          0          0       1151   stm32f1xx_hal_dma.o
       472         36          0          0          0       4204   stm32f1xx_hal_gpio.o
      4986         86          0          0          0      31240   stm32f1xx_hal_i2c.o
       500         58          0          0          0       3500   stm32f1xx_hal_msp.o
        12          4          0          0          0        539   stm32f1xx_hal_pwr.o
      1296        104          0          0          0       5796   stm32f1xx_hal_rcc.o
       436         46          0          0          0       2605   stm32f1xx_hal_rcc_ex.o
      1388         20          0          0          0      13482   stm32f1xx_hal_rtc.o
       140         10          0          0          0       4169   stm32f1xx_hal_rtc_ex.o
       902         14          0          0          0      10327   stm32f1xx_hal_tim.o
        84          0          0          0          0       2426   stm32f1xx_hal_tim_ex.o
      1402         10          0          0          0       9615   stm32f1xx_hal_uart.o
       182         58          0          0          0       7291   stm32f1xx_it.o
        72         16         24          4          0     447859   system_stm32f1xx.o

    ----------------------------------------------------------------------
     16690        794        292        112       1552     595861   Object Totals
         0          0         32          0          0          0   (incl. Generated)
        38          0          0          0          5          0   (incl. Padding)

    ----------------------------------------------------------------------

      Code (inc. data)   RO Data    RW Data    ZI Data      Debug   Library Member Name

         0          0          0          0          0          0   entry.o
         0          0          0          0          0          0   entry10a.o
         0          0          0          0          0          0   entry11a.o
         8          4          0          0          0          0   entry2.o
         4          0          0          0          0          0   entry5.o
         0          0          0          0          0          0   entry7b.o
         0          0          0          0          0          0   entry8b.o
         8          4          0          0          0          0   entry9a.o
        30          0          0          0          0          0   handlers.o
        36          8          0          0          0         68   init.o
        30          0          0          0          0         68   llshl.o
        32          0          0          0          0         68   llushr.o
       754         52          0          0          0        252   printf5.o
        24          0          0          0          0         68   strcat.o
        98          0          0          0          0         92   uldiv.o

    ----------------------------------------------------------------------
      1030         68          0          0          0        616   Library Totals
         6          0          0          0          0          0   (incl. Padding)

    ----------------------------------------------------------------------

      Code (inc. data)   RO Data    RW Data    ZI Data      Debug   Library Name

      1024         68          0          0          0        616   mc_w.l

    ----------------------------------------------------------------------
      1030         68          0          0          0        616   Library Totals

    ----------------------------------------------------------------------

==============================================================================


      Code (inc. data)   RO Data    RW Data    ZI Data      Debug   

     17720        862        292        112       1552     588257   Grand Totals
     17720        862        292        112       1552     588257   ELF Image Totals
     17720        862        292        112          0          0   ROM Totals

==============================================================================

    Total RO  Size (Code + RO Data)                18012 (  17.59kB)
    Total RW  Size (RW Data + ZI Data)              1664 (   1.63kB)
    Total ROM Size (Code + RO Data + RW Data)      18124 (  17.70kB)

==============================================================================

